
*****************************************
Setting OMP_NUM_THREADS environment variable for each process to be 1 in default, to avoid your system being overloaded, please further tune the variable for optimal performance in your application as needed. 
*****************************************
Using a slow image processor as `use_fast` is unset and a slow processor was saved with this model. `use_fast=True` will be the default behavior in v4.52, even if the model was saved with a slow processor. This will result in minor differences in outputs. You'll still be able to use a slow processor with `use_fast=False`.
Using a slow image processor as `use_fast` is unset and a slow processor was saved with this model. `use_fast=True` will be the default behavior in v4.52, even if the model was saved with a slow processor. This will result in minor differences in outputs. You'll still be able to use a slow processor with `use_fast=False`.
Using a slow image processor as `use_fast` is unset and a slow processor was saved with this model. `use_fast=True` will be the default behavior in v4.52, even if the model was saved with a slow processor. This will result in minor differences in outputs. You'll still be able to use a slow processor with `use_fast=False`.
Using a slow image processor as `use_fast` is unset and a slow processor was saved with this model. `use_fast=True` will be the default behavior in v4.52, even if the model was saved with a slow processor. This will result in minor differences in outputs. You'll still be able to use a slow processor with `use_fast=False`.

  0%|          | 0/547 [00:00<?, ?it/s][rank2]:[W903 03:25:34.663135762 reducer.cpp:1502] Warning: find_unused_parameters=True was specified in DDP constructor, but did not find any unused parameters in the forward pass. This flag results in an extra traversal of the autograd graph every iteration,  which can adversely affect performance. If your model indeed never has any unused parameters in the forward pass, consider turning this flag off. Note that this warning may be a false positive if your model has flow control causing later iterations to have unused parameters. (function operator())
[rank1]:[W903 03:25:34.859517061 reducer.cpp:1502] Warning: find_unused_parameters=True was specified in DDP constructor, but did not find any unused parameters in the forward pass. This flag results in an extra traversal of the autograd graph every iteration,  which can adversely affect performance. If your model indeed never has any unused parameters in the forward pass, consider turning this flag off. Note that this warning may be a false positive if your model has flow control causing later iterations to have unused parameters. (function operator())
[rank3]:[W903 03:25:35.953265116 reducer.cpp:1502] Warning: find_unused_parameters=True was specified in DDP constructor, but did not find any unused parameters in the forward pass. This flag results in an extra traversal of the autograd graph every iteration,  which can adversely affect performance. If your model indeed never has any unused parameters in the forward pass, consider turning this flag off. Note that this warning may be a false positive if your model has flow control causing later iterations to have unused parameters. (function operator())
[rank0]:[W903 03:25:35.512147410 reducer.cpp:1502] Warning: find_unused_parameters=True was specified in DDP constructor, but did not find any unused parameters in the forward pass. This flag results in an extra traversal of the autograd graph every iteration,  which can adversely affect performance. If your model indeed never has any unused parameters in the forward pass, consider turning this flag off. Note that this warning may be a false positive if your model has flow control causing later iterations to have unused parameters. (function operator())

  0%|          | 1/547 [00:03<34:07,  3.75s/it]
  1%|          | 5/547 [00:03<05:14,  1.72it/s]
  2%|▏         | 10/547 [00:03<02:11,  4.10it/s]
  3%|▎         | 15/547 [00:04<01:15,  7.05it/s]
  3%|▎         | 19/547 [00:04<00:56,  9.29it/s]
  4%|▍         | 23/547 [00:04<00:44, 11.65it/s]
  5%|▍         | 27/547 [00:04<00:45, 11.40it/s]
  6%|▌         | 31/547 [00:05<00:59,  8.64it/s]
  7%|▋         | 36/547 [00:05<00:42, 12.13it/s]
  7%|▋         | 40/547 [00:05<00:33, 15.09it/s]
  8%|▊         | 43/547 [00:05<00:33, 15.10it/s]
  8%|▊         | 46/547 [00:06<00:30, 16.60it/s]
  9%|▉         | 49/547 [00:06<00:52,  9.47it/s]
 10%|▉         | 53/547 [00:06<00:39, 12.50it/s]
 11%|█         | 58/547 [00:06<00:28, 17.05it/s]
 11%|█         | 61/547 [00:07<00:32, 14.81it/s]
 12%|█▏        | 65/547 [00:07<00:27, 17.71it/s]
 12%|█▏        | 68/547 [00:07<00:29, 16.05it/s]
 13%|█▎        | 71/547 [00:07<00:26, 18.07it/s]
 14%|█▎        | 75/547 [00:07<00:21, 21.78it/s]
 15%|█▍        | 80/547 [00:07<00:17, 26.14it/s]
 15%|█▌        | 84/547 [00:08<00:27, 17.13it/s]
 16%|█▋        | 89/547 [00:08<00:21, 21.61it/s]
 17%|█▋        | 92/547 [00:09<00:37, 12.26it/s]
 18%|█▊        | 97/547 [00:09<00:27, 16.20it/s]
 18%|█▊        | 101/547 [00:09<00:22, 19.43it/s]
 19%|█▉        | 105/547 [00:09<00:19, 22.32it/s]
 20%|█▉        | 109/547 [00:09<00:22, 19.61it/s]
 21%|██        | 113/547 [00:09<00:19, 22.45it/s]
 21%|██        | 116/547 [00:09<00:18, 22.94it/s]
 22%|██▏       | 119/547 [00:10<00:25, 17.02it/s]
 22%|██▏       | 123/547 [00:10<00:20, 20.23it/s]
 23%|██▎       | 126/547 [00:10<00:19, 21.72it/s]
 24%|██▎       | 129/547 [00:10<00:18, 22.69it/s]
 24%|██▍       | 132/547 [00:11<00:42,  9.86it/s]
 25%|██▍       | 136/547 [00:11<00:30, 13.31it/s]
 26%|██▌       | 141/547 [00:11<00:22, 18.17it/s]
 27%|██▋       | 145/547 [00:12<00:36, 11.12it/s]
 27%|██▋       | 149/547 [00:12<00:28, 13.91it/s]
 28%|██▊       | 152/547 [00:12<00:24, 16.02it/s]
 29%|██▊       | 156/547 [00:12<00:28, 13.82it/s]
 29%|██▉       | 160/547 [00:12<00:22, 17.30it/s]
 30%|██▉       | 164/547 [00:13<00:18, 20.87it/s]
 31%|███       | 168/547 [00:13<00:19, 19.53it/s]
 31%|███▏      | 172/547 [00:13<00:16, 22.66it/s]
 32%|███▏      | 175/547 [00:13<00:15, 23.56it/s]
 33%|███▎      | 178/547 [00:13<00:15, 24.18it/s]
 33%|███▎      | 181/547 [00:14<00:28, 12.96it/s]
 34%|███▎      | 184/547 [00:14<00:23, 15.28it/s]
 34%|███▍      | 187/547 [00:14<00:20, 17.49it/s]
 35%|███▍      | 191/547 [00:14<00:17, 20.49it/s]
 35%|███▌      | 194/547 [00:15<00:31, 11.32it/s]
 37%|███▋      | 200/547 [00:15<00:20, 17.18it/s]
 37%|███▋      | 204/547 [00:15<00:16, 20.30it/s]
 38%|███▊      | 208/547 [00:15<00:14, 22.87it/s]
 39%|███▉      | 212/547 [00:15<00:14, 23.43it/s]
 39%|███▉      | 215/547 [00:15<00:14, 23.66it/s]
 40%|███▉      | 218/547 [00:15<00:13, 24.00it/s]
 40%|████      | 221/547 [00:16<00:22, 14.30it/s]
 41%|████      | 225/547 [00:16<00:17, 17.95it/s]
 42%|████▏     | 229/547 [00:16<00:15, 21.03it/s]
 43%|████▎     | 233/547 [00:16<00:13, 24.08it/s]
 43%|████▎     | 237/547 [00:16<00:11, 26.77it/s]
 44%|████▍     | 241/547 [00:16<00:11, 27.02it/s]
 45%|████▍     | 245/547 [00:17<00:11, 26.83it/s]
 45%|████▌     | 248/547 [00:17<00:15, 18.74it/s]
 46%|████▌     | 251/547 [00:17<00:17, 17.34it/s]
 47%|████▋     | 255/547 [00:17<00:13, 20.89it/s]
 47%|████▋     | 258/547 [00:18<00:18, 15.44it/s]
 48%|████▊     | 261/547 [00:18<00:21, 13.61it/s]
 48%|████▊     | 263/547 [00:18<00:31,  8.91it/s]
 49%|████▉     | 268/547 [00:18<00:20, 13.38it/s]
 50%|████▉     | 272/547 [00:19<00:16, 16.76it/s]
 50%|█████     | 276/547 [00:19<00:13, 20.04it/s]
 51%|█████     | 280/547 [00:19<00:11, 22.59it/s]
 52%|█████▏    | 284/547 [00:19<00:10, 25.49it/s]
 53%|█████▎    | 288/547 [00:19<00:15, 16.40it/s]
 53%|█████▎    | 292/547 [00:19<00:12, 19.77it/s]
 54%|█████▍    | 295/547 [00:20<00:11, 21.41it/s]
 54%|█████▍    | 298/547 [00:20<00:15, 15.87it/s]
 55%|█████▌    | 302/547 [00:20<00:12, 19.49it/s]
 56%|█████▌    | 306/547 [00:20<00:10, 22.63it/s]
 57%|█████▋    | 310/547 [00:20<00:09, 25.24it/s]
 57%|█████▋    | 314/547 [00:20<00:09, 24.17it/s]
 58%|█████▊    | 318/547 [00:21<00:08, 26.89it/s]
 59%|█████▉    | 322/547 [00:21<00:08, 26.55it/s]
 59%|█████▉    | 325/547 [00:21<00:18, 11.75it/s]
 60%|██████    | 330/547 [00:21<00:13, 16.36it/s]
 61%|██████    | 334/547 [00:22<00:13, 16.02it/s]
 62%|██████▏   | 337/547 [00:22<00:11, 17.89it/s]
 62%|██████▏   | 341/547 [00:22<00:10, 20.28it/s]
 63%|██████▎   | 344/547 [00:22<00:09, 21.35it/s]
 64%|██████▎   | 348/547 [00:22<00:08, 24.13it/s]
 64%|██████▍   | 351/547 [00:22<00:09, 20.76it/s]
 65%|██████▍   | 354/547 [00:23<00:08, 22.59it/s]
 65%|██████▌   | 357/547 [00:23<00:16, 11.35it/s]
 66%|██████▌   | 362/547 [00:23<00:11, 16.18it/s]
 67%|██████▋   | 365/547 [00:23<00:11, 15.61it/s]
 67%|██████▋   | 368/547 [00:24<00:10, 17.82it/s]
 68%|██████▊   | 372/547 [00:24<00:08, 20.37it/s]
 69%|██████▊   | 375/547 [00:24<00:14, 11.64it/s]
 69%|██████▉   | 380/547 [00:24<00:10, 16.17it/s]
 70%|███████   | 384/547 [00:24<00:08, 19.50it/s]
 71%|███████   | 389/547 [00:25<00:06, 23.55it/s]
 72%|███████▏  | 393/547 [00:25<00:06, 24.90it/s]
 73%|███████▎  | 397/547 [00:25<00:06, 24.99it/s]
 73%|███████▎  | 400/547 [00:25<00:06, 23.69it/s]
 74%|███████▎  | 403/547 [00:25<00:09, 15.15it/s]
 75%|███████▍  | 408/547 [00:26<00:06, 20.05it/s]
 75%|███████▌  | 412/547 [00:26<00:05, 23.12it/s]
 76%|███████▌  | 416/547 [00:26<00:10, 13.07it/s]
 77%|███████▋  | 419/547 [00:26<00:08, 15.01it/s]
 77%|███████▋  | 423/547 [00:27<00:06, 18.59it/s]
 78%|███████▊  | 427/547 [00:27<00:05, 21.84it/s]
 79%|███████▉  | 431/547 [00:27<00:04, 24.35it/s]
 80%|███████▉  | 435/547 [00:27<00:04, 26.64it/s]
 80%|████████  | 439/547 [00:27<00:06, 15.74it/s]
 81%|████████  | 442/547 [00:28<00:06, 15.72it/s]
 82%|████████▏ | 446/547 [00:28<00:05, 19.28it/s]
 82%|████████▏ | 450/547 [00:28<00:04, 22.71it/s]
 83%|████████▎ | 454/547 [00:28<00:03, 25.31it/s]
 84%|████████▎ | 458/547 [00:29<00:07, 12.65it/s]
 85%|████████▍ | 463/547 [00:29<00:05, 14.46it/s]
 85%|████████▌ | 466/547 [00:29<00:05, 16.15it/s]
 86%|████████▌ | 470/547 [00:29<00:04, 18.53it/s]
 87%|████████▋ | 474/547 [00:29<00:03, 21.58it/s]
 87%|████████▋ | 477/547 [00:30<00:04, 14.75it/s]
 88%|████████▊ | 481/547 [00:30<00:03, 17.73it/s]
 89%|████████▊ | 485/547 [00:30<00:02, 21.36it/s]
 89%|████████▉ | 488/547 [00:30<00:02, 22.75it/s]
 90%|████████▉ | 491/547 [00:30<00:02, 24.10it/s]
 90%|█████████ | 495/547 [00:30<00:01, 26.04it/s]
 91%|█████████ | 498/547 [00:30<00:01, 25.95it/s]
 92%|█████████▏| 501/547 [00:31<00:02, 15.90it/s]
 92%|█████████▏| 504/547 [00:31<00:02, 15.27it/s]
 93%|█████████▎| 507/547 [00:31<00:02, 17.29it/s]
 93%|█████████▎| 511/547 [00:31<00:01, 21.31it/s]
 94%|█████████▍| 514/547 [00:32<00:05,  6.38it/s]
 95%|█████████▌| 520/547 [00:33<00:02, 10.34it/s]
 96%|█████████▌| 525/547 [00:33<00:01, 12.63it/s]
 97%|█████████▋| 528/547 [00:33<00:01, 14.44it/s]
 97%|█████████▋| 532/547 [00:33<00:00, 17.72it/s]
 98%|█████████▊| 537/547 [00:33<00:00, 22.70it/s]
 99%|█████████▉| 542/547 [00:33<00:00, 20.95it/s]
100%|█████████▉| 546/547 [00:34<00:00, 19.75it/s]
                                                 
FULL_DDP heads 1/2 loss=0.4460 min=0.6

  0%|          | 0/547 [00:00<?, ?it/s]
  0%|          | 1/547 [00:02<21:59,  2.42s/it]
  1%|          | 3/547 [00:02<06:04,  1.49it/s]
  1%|          | 6/547 [00:02<02:59,  3.01it/s]
  1%|▏         | 7/547 [00:03<03:30,  2.57it/s]
  2%|▏         | 11/547 [00:03<01:39,  5.40it/s]
  3%|▎         | 15/547 [00:03<01:02,  8.54it/s]
  3%|▎         | 19/547 [00:03<00:44, 11.95it/s]
  4%|▍         | 23/547 [00:03<00:33, 15.68it/s]
  5%|▍         | 26/547 [00:04<00:29, 17.52it/s]
  5%|▌         | 30/547 [00:04<00:24, 20.97it/s]
  6%|▌         | 33/547 [00:04<00:33, 15.18it/s]
  7%|▋         | 37/547 [00:05<01:15,  6.76it/s]
  8%|▊         | 42/547 [00:05<00:50,  9.92it/s]
  8%|▊         | 46/547 [00:05<00:39, 12.80it/s]
  9%|▉         | 50/547 [00:06<00:31, 15.75it/s]
 10%|▉         | 54/547 [00:06<00:26, 18.62it/s]
 11%|█         | 58/547 [00:06<00:24, 19.61it/s]
 11%|█         | 61/547 [00:06<00:23, 20.41it/s]
 12%|█▏        | 64/547 [00:07<01:00,  7.94it/s]
 12%|█▏        | 68/547 [00:07<00:44, 10.76it/s]
 13%|█▎        | 72/547 [00:07<00:34, 13.90it/s]
 14%|█▍        | 76/547 [00:07<00:30, 15.49it/s]
 14%|█▍        | 79/547 [00:08<00:27, 16.84it/s]
 15%|█▌        | 83/547 [00:08<00:23, 19.81it/s]
 16%|█▌        | 87/547 [00:08<00:20, 22.20it/s]
 16%|█▋        | 90/547 [00:08<00:33, 13.54it/s]
 17%|█▋        | 93/547 [00:09<00:31, 14.48it/s]
 18%|█▊        | 96/547 [00:09<00:27, 16.68it/s]
 18%|█▊        | 101/547 [00:09<00:20, 21.38it/s]
 19%|█▉        | 105/547 [00:09<00:18, 24.06it/s]
 20%|█▉        | 108/547 [00:09<00:17, 24.58it/s]
 20%|██        | 111/547 [00:09<00:25, 17.06it/s]
 21%|██        | 115/547 [00:09<00:21, 19.97it/s]
 22%|██▏       | 118/547 [00:10<00:20, 21.19it/s]
 22%|██▏       | 121/547 [00:10<00:26, 16.04it/s]
 23%|██▎       | 124/547 [00:10<00:33, 12.58it/s]
 23%|██▎       | 128/547 [00:10<00:25, 16.12it/s]
 24%|██▍       | 133/547 [00:10<00:19, 21.18it/s]
 25%|██▍       | 136/547 [00:11<00:21, 19.08it/s]
 25%|██▌       | 139/547 [00:11<00:21, 19.23it/s]
 26%|██▌       | 143/547 [00:11<00:17, 22.74it/s]
 27%|██▋       | 146/547 [00:11<00:22, 17.50it/s]
 27%|██▋       | 150/547 [00:11<00:19, 20.81it/s]
 28%|██▊       | 153/547 [00:11<00:17, 22.49it/s]
 29%|██▊       | 156/547 [00:12<00:32, 11.98it/s]
 29%|██▉       | 161/547 [00:12<00:22, 16.92it/s]
 30%|███       | 166/547 [00:12<00:17, 21.53it/s]
 31%|███       | 170/547 [00:13<00:22, 16.41it/s]
 32%|███▏      | 173/547 [00:13<00:20, 18.36it/s]
 33%|███▎      | 178/547 [00:13<00:15, 23.28it/s]
 33%|███▎      | 182/547 [00:13<00:13, 26.20it/s]
 34%|███▍      | 186/547 [00:13<00:15, 22.96it/s]
 35%|███▍      | 189/547 [00:13<00:15, 23.44it/s]
 35%|███▌      | 193/547 [00:13<00:13, 25.41it/s]
 36%|███▌      | 196/547 [00:14<00:20, 16.91it/s]
 36%|███▋      | 199/547 [00:14<00:28, 12.33it/s]
 37%|███▋      | 203/547 [00:14<00:22, 15.59it/s]
 38%|███▊      | 207/547 [00:14<00:17, 19.29it/s]
 38%|███▊      | 210/547 [00:15<00:16, 20.98it/s]
 39%|███▉      | 213/547 [00:15<00:21, 15.29it/s]
 40%|███▉      | 217/547 [00:16<00:33,  9.72it/s]
 41%|████      | 222/547 [00:16<00:23, 13.71it/s]
 41%|████▏     | 227/547 [00:16<00:18, 17.73it/s]
 42%|████▏     | 230/547 [00:16<00:21, 14.81it/s]
 43%|████▎     | 233/547 [00:16<00:18, 16.78it/s]
 43%|████▎     | 237/547 [00:16<00:15, 19.68it/s]
 44%|████▍     | 240/547 [00:16<00:14, 21.21it/s]
 44%|████▍     | 243/547 [00:17<00:18, 16.56it/s]
 45%|████▌     | 247/547 [00:17<00:15, 19.87it/s]
 46%|████▌     | 250/547 [00:17<00:13, 21.59it/s]
 46%|████▋     | 253/547 [00:17<00:13, 22.00it/s]
 47%|████▋     | 256/547 [00:18<00:23, 12.30it/s]
 48%|████▊     | 261/547 [00:18<00:16, 17.16it/s]
 48%|████▊     | 265/547 [00:18<00:13, 20.31it/s]
 49%|████▉     | 268/547 [00:18<00:13, 21.43it/s]
 50%|████▉     | 271/547 [00:18<00:12, 21.84it/s]
 50%|█████     | 274/547 [00:18<00:11, 23.60it/s]
 51%|█████     | 278/547 [00:18<00:10, 25.96it/s]
 51%|█████▏    | 281/547 [00:18<00:10, 25.48it/s]
 52%|█████▏    | 284/547 [00:19<00:10, 26.24it/s]
 53%|█████▎    | 288/547 [00:19<00:09, 28.49it/s]
 53%|█████▎    | 291/547 [00:19<00:13, 18.71it/s]
 54%|█████▎    | 294/547 [00:20<00:27,  9.13it/s]
 55%|█████▍    | 299/547 [00:20<00:18, 13.33it/s]
 56%|█████▌    | 304/547 [00:20<00:13, 17.87it/s]
 56%|█████▋    | 309/547 [00:20<00:10, 22.40it/s]
 57%|█████▋    | 313/547 [00:20<00:09, 25.06it/s]
 58%|█████▊    | 317/547 [00:20<00:08, 25.88it/s]
 59%|█████▊    | 321/547 [00:21<00:18, 12.01it/s]
 59%|█████▉    | 325/547 [00:21<00:14, 14.91it/s]
 60%|██████    | 330/547 [00:21<00:11, 19.02it/s]
 61%|██████    | 334/547 [00:22<00:09, 21.67it/s]
 62%|██████▏   | 338/547 [00:22<00:08, 23.24it/s]
 63%|██████▎   | 342/547 [00:22<00:08, 25.27it/s]
 63%|██████▎   | 346/547 [00:23<00:18, 11.11it/s]
 64%|██████▍   | 351/547 [00:23<00:13, 14.99it/s]
 65%|██████▌   | 356/547 [00:23<00:10, 19.00it/s]
 66%|██████▌   | 360/547 [00:23<00:08, 21.33it/s]
 67%|██████▋   | 364/547 [00:23<00:08, 22.57it/s]
 67%|██████▋   | 368/547 [00:23<00:08, 22.26it/s]
 68%|██████▊   | 372/547 [00:24<00:08, 20.83it/s]
 69%|██████▊   | 375/547 [00:24<00:10, 16.09it/s]
 69%|██████▉   | 379/547 [00:24<00:08, 19.17it/s]
 70%|███████   | 383/547 [00:24<00:07, 22.35it/s]
 71%|███████   | 386/547 [00:24<00:10, 15.95it/s]
 71%|███████▏  | 390/547 [00:25<00:08, 19.50it/s]
 72%|███████▏  | 393/547 [00:25<00:07, 20.77it/s]
 73%|███████▎  | 397/547 [00:25<00:06, 24.43it/s]
 73%|███████▎  | 400/547 [00:25<00:06, 21.69it/s]
 74%|███████▍  | 405/547 [00:25<00:05, 26.07it/s]
 75%|███████▍  | 408/547 [00:26<00:18,  7.35it/s]
 76%|███████▌  | 414/547 [00:27<00:11, 11.36it/s]
 76%|███████▋  | 418/547 [00:27<00:09, 14.14it/s]
 77%|███████▋  | 422/547 [00:27<00:07, 17.16it/s]
 78%|███████▊  | 426/547 [00:27<00:06, 20.04it/s]
 79%|███████▊  | 430/547 [00:27<00:05, 22.86it/s]
 79%|███████▉  | 434/547 [00:27<00:06, 16.80it/s]
 80%|███████▉  | 437/547 [00:27<00:06, 18.31it/s]
 80%|████████  | 440/547 [00:28<00:07, 14.00it/s]
 81%|████████  | 443/547 [00:28<00:06, 15.36it/s]
 82%|████████▏ | 447/547 [00:28<00:05, 19.09it/s]
 82%|████████▏ | 451/547 [00:28<00:04, 22.97it/s]
 83%|████████▎ | 454/547 [00:29<00:07, 12.55it/s]
 84%|████████▍ | 459/547 [00:29<00:05, 17.42it/s]
 85%|████████▍ | 464/547 [00:29<00:03, 22.16it/s]
 86%|████████▌ | 468/547 [00:29<00:03, 23.56it/s]
 86%|████████▋ | 472/547 [00:29<00:02, 25.12it/s]
 87%|████████▋ | 477/547 [00:29<00:02, 28.54it/s]
 88%|████████▊ | 481/547 [00:29<00:02, 28.64it/s]
 89%|████████▊ | 485/547 [00:30<00:02, 21.13it/s]
 89%|████████▉ | 488/547 [00:30<00:03, 15.72it/s]
 90%|████████▉ | 492/547 [00:30<00:02, 19.08it/s]
 91%|█████████ | 496/547 [00:30<00:02, 22.19it/s]
 91%|█████████ | 499/547 [00:30<00:02, 23.65it/s]
 92%|█████████▏| 503/547 [00:31<00:01, 26.81it/s]
 93%|█████████▎| 507/547 [00:31<00:02, 15.19it/s]
 94%|█████████▎| 512/547 [00:31<00:01, 19.76it/s]
 95%|█████████▍| 517/547 [00:31<00:01, 24.08it/s]
 95%|█████████▌| 521/547 [00:31<00:00, 27.08it/s]
 96%|█████████▌| 525/547 [00:32<00:00, 25.07it/s]
 97%|█████████▋| 529/547 [00:32<00:00, 24.89it/s]
 97%|█████████▋| 532/547 [00:33<00:02,  7.25it/s]
 98%|█████████▊| 537/547 [00:33<00:00, 10.47it/s]
 99%|█████████▉| 542/547 [00:33<00:00, 14.30it/s]
100%|█████████▉| 546/547 [00:34<00:00, 14.61it/s]
                                                 
FULL_DDP heads 2/2 loss=0.3166 min=0.6

  0%|          | 0/547 [00:00<?, ?it/s]
  0%|          | 1/547 [00:02<23:38,  2.60s/it]
  1%|          | 3/547 [00:03<07:36,  1.19it/s]
  1%|          | 5/547 [00:03<03:58,  2.27it/s]
  1%|▏         | 7/547 [00:03<02:29,  3.60it/s]
  2%|▏         | 9/547 [00:03<01:45,  5.10it/s]
  2%|▏         | 11/547 [00:03<01:20,  6.64it/s]
  2%|▏         | 13/547 [00:03<01:04,  8.22it/s]
  3%|▎         | 15/547 [00:03<00:55,  9.52it/s]
  3%|▎         | 17/547 [00:03<00:49, 10.72it/s]
  3%|▎         | 19/547 [00:04<00:43, 12.01it/s]
  4%|▍         | 21/547 [00:04<00:42, 12.29it/s]
  4%|▍         | 23/547 [00:04<00:40, 13.03it/s]
  5%|▍         | 25/547 [00:04<00:39, 13.36it/s]
  5%|▍         | 27/547 [00:04<00:37, 13.92it/s]
  5%|▌         | 29/547 [00:04<00:37, 13.93it/s]
  6%|▌         | 31/547 [00:04<00:36, 14.14it/s]
  6%|▌         | 33/547 [00:05<00:36, 14.01it/s]
  6%|▋         | 35/547 [00:05<00:35, 14.42it/s]
  7%|▋         | 37/547 [00:05<00:35, 14.32it/s]
  7%|▋         | 39/547 [00:05<00:35, 14.19it/s]
  7%|▋         | 41/547 [00:05<00:35, 14.20it/s]
  8%|▊         | 43/547 [00:05<00:34, 14.43it/s]
  8%|▊         | 45/547 [00:05<00:35, 14.08it/s]
  9%|▊         | 47/547 [00:06<00:36, 13.85it/s]
  9%|▉         | 49/547 [00:06<00:34, 14.36it/s]
  9%|▉         | 51/547 [00:06<00:34, 14.25it/s]
 10%|▉         | 53/547 [00:06<00:33, 14.61it/s]
 10%|█         | 55/547 [00:06<00:35, 13.97it/s]
 10%|█         | 57/547 [00:06<00:34, 14.05it/s]
 11%|█         | 59/547 [00:06<00:35, 13.83it/s]
 11%|█         | 61/547 [00:07<00:36, 13.49it/s]
 12%|█▏        | 63/547 [00:07<00:34, 13.93it/s]
 12%|█▏        | 65/547 [00:07<00:33, 14.46it/s]
 12%|█▏        | 67/547 [00:07<00:33, 14.34it/s]
 13%|█▎        | 69/547 [00:07<00:32, 14.57it/s]
 13%|█▎        | 71/547 [00:07<00:32, 14.45it/s]
 13%|█▎        | 73/547 [00:07<00:32, 14.58it/s]
 14%|█▎        | 75/547 [00:07<00:33, 14.21it/s]
 14%|█▍        | 77/547 [00:08<00:32, 14.59it/s]
 14%|█▍        | 79/547 [00:08<00:31, 14.84it/s]
 15%|█▍        | 81/547 [00:08<00:31, 14.71it/s]
 15%|█▌        | 83/547 [00:08<00:32, 14.45it/s]
 16%|█▌        | 85/547 [00:08<00:31, 14.63it/s]
 16%|█▌        | 87/547 [00:08<00:34, 13.38it/s]
 16%|█▋        | 89/547 [00:08<00:32, 14.01it/s]
 17%|█▋        | 91/547 [00:09<00:31, 14.49it/s]
 17%|█▋        | 93/547 [00:09<00:30, 14.80it/s]
 17%|█▋        | 95/547 [00:09<00:30, 14.61it/s]
 18%|█▊        | 97/547 [00:09<00:31, 14.45it/s]
 18%|█▊        | 99/547 [00:09<00:31, 14.45it/s]
 18%|█▊        | 101/547 [00:09<00:31, 14.22it/s]
 19%|█▉        | 103/547 [00:09<00:30, 14.67it/s]
 19%|█▉        | 105/547 [00:10<00:29, 14.94it/s]
 20%|█▉        | 107/547 [00:10<00:31, 14.06it/s]
 20%|█▉        | 109/547 [00:10<00:32, 13.53it/s]
 20%|██        | 111/547 [00:10<00:31, 13.80it/s]
 21%|██        | 113/547 [00:10<00:31, 13.62it/s]
 21%|██        | 115/547 [00:10<00:30, 14.32it/s]
 21%|██▏       | 117/547 [00:10<00:30, 14.16it/s]
 22%|██▏       | 119/547 [00:11<00:30, 14.24it/s]
 22%|██▏       | 121/547 [00:11<00:31, 13.61it/s]
 22%|██▏       | 123/547 [00:11<00:29, 14.17it/s]
 23%|██▎       | 125/547 [00:11<00:30, 13.85it/s]
 23%|██▎       | 127/547 [00:11<00:29, 14.05it/s]
 24%|██▎       | 129/547 [00:11<00:30, 13.74it/s]
 24%|██▍       | 131/547 [00:11<00:29, 14.01it/s]
 24%|██▍       | 133/547 [00:12<00:28, 14.73it/s]
 25%|██▍       | 135/547 [00:12<00:27, 14.91it/s]
 25%|██▌       | 137/547 [00:12<00:27, 14.87it/s]
 25%|██▌       | 139/547 [00:12<00:27, 14.94it/s]
 26%|██▌       | 141/547 [00:12<00:27, 14.51it/s]
 26%|██▌       | 143/547 [00:12<00:27, 14.56it/s]
 27%|██▋       | 145/547 [00:12<00:28, 13.88it/s]
 27%|██▋       | 147/547 [00:13<00:28, 14.27it/s]
 27%|██▋       | 149/547 [00:13<00:27, 14.39it/s]
 28%|██▊       | 151/547 [00:13<00:28, 14.11it/s]
 28%|██▊       | 153/547 [00:13<00:27, 14.21it/s]
 28%|██▊       | 155/547 [00:13<00:28, 13.76it/s]
 29%|██▊       | 157/547 [00:13<00:27, 14.24it/s]
 29%|██▉       | 159/547 [00:13<00:28, 13.73it/s]
 29%|██▉       | 161/547 [00:14<00:27, 14.19it/s]
 30%|██▉       | 163/547 [00:14<00:26, 14.39it/s]
 30%|███       | 165/547 [00:14<00:26, 14.27it/s]
 31%|███       | 167/547 [00:14<00:25, 14.63it/s]
 31%|███       | 169/547 [00:14<00:25, 14.66it/s]
 31%|███▏      | 171/547 [00:14<00:26, 14.19it/s]
 32%|███▏      | 173/547 [00:14<00:26, 14.23it/s]
 32%|███▏      | 175/547 [00:15<00:27, 13.35it/s]
 32%|███▏      | 177/547 [00:15<00:26, 13.75it/s]
 33%|███▎      | 179/547 [00:15<00:26, 13.67it/s]
 33%|███▎      | 181/547 [00:15<00:25, 14.35it/s]
 33%|███▎      | 183/547 [00:15<00:24, 14.56it/s]
 34%|███▍      | 185/547 [00:15<00:26, 13.73it/s]
 34%|███▍      | 187/547 [00:15<00:26, 13.55it/s]
 35%|███▍      | 189/547 [00:16<00:25, 14.25it/s]
 35%|███▍      | 191/547 [00:16<00:25, 13.79it/s]
 35%|███▌      | 193/547 [00:16<00:24, 14.20it/s]
 36%|███▌      | 195/547 [00:16<00:23, 14.86it/s]
 36%|███▌      | 197/547 [00:16<00:23, 14.61it/s]
 36%|███▋      | 199/547 [00:16<00:25, 13.91it/s]
 37%|███▋      | 201/547 [00:16<00:24, 14.03it/s]
 37%|███▋      | 203/547 [00:16<00:24, 14.23it/s]
 37%|███▋      | 205/547 [00:17<00:23, 14.60it/s]
 38%|███▊      | 207/547 [00:17<00:24, 14.05it/s]
 38%|███▊      | 209/547 [00:17<00:23, 14.13it/s]
 39%|███▊      | 211/547 [00:17<00:23, 14.14it/s]
 39%|███▉      | 213/547 [00:17<00:23, 14.34it/s]
 39%|███▉      | 215/547 [00:18<00:33,  9.94it/s]
 40%|███▉      | 217/547 [00:18<00:29, 11.32it/s]
 40%|████      | 219/547 [00:18<00:27, 11.90it/s]
 40%|████      | 221/547 [00:18<00:25, 12.84it/s]
 41%|████      | 223/547 [00:18<00:23, 13.67it/s]
 41%|████      | 225/547 [00:18<00:24, 13.32it/s]
 41%|████▏     | 227/547 [00:18<00:23, 13.83it/s]
 42%|████▏     | 229/547 [00:19<00:23, 13.44it/s]
 42%|████▏     | 231/547 [00:19<00:22, 13.93it/s]
 43%|████▎     | 233/547 [00:19<00:22, 14.05it/s]
 43%|████▎     | 235/547 [00:19<00:22, 14.16it/s]
 43%|████▎     | 237/547 [00:19<00:22, 14.01it/s]
 44%|████▎     | 239/547 [00:19<00:21, 14.04it/s]
 44%|████▍     | 241/547 [00:19<00:21, 14.44it/s]
 44%|████▍     | 243/547 [00:19<00:20, 14.59it/s]
 45%|████▍     | 245/547 [00:20<00:20, 14.57it/s]
 45%|████▌     | 247/547 [00:20<00:21, 14.12it/s]
 46%|████▌     | 249/547 [00:20<00:20, 14.44it/s]
 46%|████▌     | 251/547 [00:20<00:20, 14.12it/s]
 46%|████▋     | 253/547 [00:20<00:21, 13.51it/s]
 47%|████▋     | 255/547 [00:20<00:20, 13.95it/s]
 47%|████▋     | 257/547 [00:20<00:20, 14.36it/s]
 47%|████▋     | 259/547 [00:21<00:20, 14.24it/s]
 48%|████▊     | 261/547 [00:21<00:19, 14.32it/s]
 48%|████▊     | 263/547 [00:21<00:19, 14.47it/s]
 48%|████▊     | 265/547 [00:21<00:19, 14.83it/s]
 49%|████▉     | 267/547 [00:21<00:19, 14.34it/s]
 49%|████▉     | 269/547 [00:21<00:19, 14.29it/s]
 50%|████▉     | 271/547 [00:21<00:19, 14.01it/s]
 50%|████▉     | 273/547 [00:22<00:19, 14.03it/s]
 50%|█████     | 275/547 [00:22<00:18, 14.37it/s]
 51%|█████     | 277/547 [00:22<00:18, 14.79it/s]
 51%|█████     | 279/547 [00:22<00:18, 14.69it/s]
 51%|█████▏    | 281/547 [00:22<00:18, 14.56it/s]
 52%|█████▏    | 283/547 [00:22<00:18, 14.08it/s]
 52%|█████▏    | 285/547 [00:22<00:17, 14.78it/s]
 52%|█████▏    | 287/547 [00:23<00:17, 15.06it/s]
 53%|█████▎    | 289/547 [00:23<00:18, 13.92it/s]
 53%|█████▎    | 291/547 [00:23<00:18, 13.90it/s]
 54%|█████▎    | 293/547 [00:23<00:18, 13.86it/s]
 54%|█████▍    | 295/547 [00:23<00:18, 14.00it/s]
 54%|█████▍    | 297/547 [00:23<00:17, 13.94it/s]
 55%|█████▍    | 299/547 [00:23<00:17, 13.80it/s]
 55%|█████▌    | 301/547 [00:24<00:17, 14.01it/s]
 55%|█████▌    | 303/547 [00:24<00:17, 14.29it/s]
 56%|█████▌    | 305/547 [00:24<00:17, 14.04it/s]
 56%|█████▌    | 307/547 [00:24<00:16, 14.51it/s]
 56%|█████▋    | 309/547 [00:24<00:16, 14.36it/s]
 57%|█████▋    | 311/547 [00:24<00:16, 14.37it/s]
 57%|█████▋    | 313/547 [00:24<00:16, 14.42it/s]
 58%|█████▊    | 315/547 [00:25<00:15, 14.74it/s]
 58%|█████▊    | 317/547 [00:25<00:16, 14.29it/s]
 58%|█████▊    | 319/547 [00:25<00:16, 14.16it/s]
 59%|█████▊    | 321/547 [00:25<00:16, 13.44it/s]
 59%|█████▉    | 323/547 [00:25<00:15, 14.15it/s]
 59%|█████▉    | 325/547 [00:25<00:15, 14.00it/s]
 60%|█████▉    | 327/547 [00:25<00:16, 13.66it/s]
 60%|██████    | 329/547 [00:26<00:15, 14.14it/s]
 61%|██████    | 331/547 [00:26<00:15, 14.35it/s]
 61%|██████    | 333/547 [00:26<00:15, 14.15it/s]
 61%|██████    | 335/547 [00:26<00:14, 14.55it/s]
 62%|██████▏   | 337/547 [00:26<00:14, 14.16it/s]
 62%|██████▏   | 339/547 [00:26<00:14, 14.16it/s]
 62%|██████▏   | 341/547 [00:26<00:14, 14.17it/s]
 63%|██████▎   | 343/547 [00:26<00:13, 14.60it/s]
 63%|██████▎   | 345/547 [00:27<00:13, 14.77it/s]
 63%|██████▎   | 347/547 [00:27<00:13, 14.88it/s]
 64%|██████▍   | 349/547 [00:27<00:13, 14.62it/s]
 64%|██████▍   | 351/547 [00:27<00:13, 14.14it/s]
 65%|██████▍   | 353/547 [00:27<00:13, 14.37it/s]
 65%|██████▍   | 355/547 [00:27<00:13, 14.35it/s]
 65%|██████▌   | 357/547 [00:27<00:13, 14.54it/s]
 66%|██████▌   | 359/547 [00:28<00:12, 14.57it/s]
 66%|██████▌   | 361/547 [00:28<00:12, 14.42it/s]
 66%|██████▋   | 363/547 [00:28<00:12, 14.71it/s]
 67%|██████▋   | 365/547 [00:28<00:12, 14.66it/s]
 67%|██████▋   | 367/547 [00:28<00:12, 14.09it/s]
 67%|██████▋   | 369/547 [00:28<00:12, 14.57it/s]
 68%|██████▊   | 371/547 [00:28<00:11, 14.74it/s]
 68%|██████▊   | 373/547 [00:29<00:12, 14.16it/s]
 69%|██████▊   | 375/547 [00:29<00:11, 14.48it/s]
 69%|██████▉   | 377/547 [00:29<00:11, 14.35it/s]
 69%|██████▉   | 379/547 [00:29<00:11, 14.68it/s]
 70%|██████▉   | 381/547 [00:29<00:11, 15.09it/s]
 70%|███████   | 383/547 [00:29<00:11, 14.57it/s]
 70%|███████   | 385/547 [00:29<00:11, 14.44it/s]
 71%|███████   | 387/547 [00:30<00:11, 14.33it/s]
 71%|███████   | 389/547 [00:30<00:11, 14.15it/s]
 71%|███████▏  | 391/547 [00:30<00:10, 14.65it/s]
 72%|███████▏  | 393/547 [00:30<00:10, 14.69it/s]
 72%|███████▏  | 395/547 [00:30<00:10, 14.94it/s]
 73%|███████▎  | 397/547 [00:30<00:10, 14.68it/s]
 73%|███████▎  | 399/547 [00:30<00:10, 14.53it/s]
 73%|███████▎  | 401/547 [00:30<00:10, 14.49it/s]
 74%|███████▎  | 403/547 [00:31<00:09, 14.48it/s]
 74%|███████▍  | 405/547 [00:31<00:10, 14.05it/s]
 74%|███████▍  | 407/547 [00:31<00:09, 14.58it/s]
 75%|███████▍  | 409/547 [00:31<00:09, 14.10it/s]
 75%|███████▌  | 411/547 [00:31<00:09, 14.17it/s]
 76%|███████▌  | 413/547 [00:31<00:09, 14.23it/s]
 76%|███████▌  | 415/547 [00:31<00:09, 14.08it/s]
 76%|███████▌  | 417/547 [00:32<00:09, 14.28it/s]
 77%|███████▋  | 419/547 [00:32<00:09, 14.16it/s]
 77%|███████▋  | 421/547 [00:32<00:08, 14.61it/s]
 77%|███████▋  | 423/547 [00:32<00:08, 14.87it/s]
 78%|███████▊  | 425/547 [00:32<00:08, 14.72it/s]
 78%|███████▊  | 427/547 [00:32<00:08, 14.75it/s]
 78%|███████▊  | 429/547 [00:32<00:08, 14.74it/s]
 79%|███████▉  | 431/547 [00:33<00:07, 14.68it/s]
 79%|███████▉  | 433/547 [00:33<00:07, 14.47it/s]
 80%|███████▉  | 435/547 [00:33<00:07, 14.63it/s]
 80%|███████▉  | 437/547 [00:33<00:07, 15.02it/s]
 80%|████████  | 439/547 [00:33<00:07, 14.71it/s]
 81%|████████  | 441/547 [00:33<00:07, 14.11it/s]
 81%|████████  | 443/547 [00:33<00:07, 14.37it/s]
 81%|████████▏ | 445/547 [00:34<00:08, 12.71it/s]
 82%|████████▏ | 447/547 [00:34<00:07, 12.85it/s]
 82%|████████▏ | 449/547 [00:34<00:07, 13.27it/s]
 82%|████████▏ | 451/547 [00:34<00:07, 13.67it/s]
 83%|████████▎ | 453/547 [00:34<00:06, 13.54it/s]
 83%|████████▎ | 455/547 [00:34<00:06, 14.42it/s]
 84%|████████▎ | 457/547 [00:34<00:06, 14.37it/s]
 84%|████████▍ | 459/547 [00:35<00:06, 14.31it/s]
 84%|████████▍ | 461/547 [00:35<00:05, 14.83it/s]
 85%|████████▍ | 463/547 [00:35<00:05, 15.27it/s]
 85%|████████▌ | 465/547 [00:35<00:05, 14.76it/s]
 85%|████████▌ | 467/547 [00:35<00:05, 14.18it/s]
 86%|████████▌ | 469/547 [00:35<00:05, 14.52it/s]
 86%|████████▌ | 471/547 [00:35<00:05, 14.62it/s]
 86%|████████▋ | 473/547 [00:36<00:05, 14.68it/s]
 87%|████████▋ | 475/547 [00:36<00:05, 14.35it/s]
 87%|████████▋ | 477/547 [00:36<00:05, 13.96it/s]
 88%|████████▊ | 479/547 [00:37<00:15,  4.29it/s]
 88%|████████▊ | 481/547 [00:37<00:11,  5.55it/s]
 88%|████████▊ | 483/547 [00:37<00:09,  6.97it/s]
 89%|████████▊ | 485/547 [00:37<00:07,  8.38it/s]
 89%|████████▉ | 487/547 [00:38<00:06,  9.53it/s]
 89%|████████▉ | 489/547 [00:38<00:05, 10.36it/s]
 90%|████████▉ | 491/547 [00:38<00:04, 11.47it/s]
 90%|█████████ | 493/547 [00:38<00:04, 12.24it/s]
 90%|█████████ | 495/547 [00:38<00:04, 12.68it/s]
 91%|█████████ | 497/547 [00:38<00:03, 13.01it/s]
 91%|█████████ | 499/547 [00:38<00:03, 13.54it/s]
 92%|█████████▏| 501/547 [00:39<00:03, 14.05it/s]
 92%|█████████▏| 503/547 [00:39<00:03, 14.15it/s]
 92%|█████████▏| 505/547 [00:39<00:02, 14.54it/s]
 93%|█████████▎| 507/547 [00:39<00:02, 13.92it/s]
 93%|█████████▎| 509/547 [00:39<00:02, 13.59it/s]
 93%|█████████▎| 511/547 [00:39<00:02, 13.86it/s]
 94%|█████████▍| 513/547 [00:39<00:02, 14.17it/s]
 94%|█████████▍| 515/547 [00:40<00:02, 13.95it/s]
 95%|█████████▍| 517/547 [00:40<00:02, 14.01it/s]
 95%|█████████▍| 519/547 [00:40<00:02, 13.85it/s]
 95%|█████████▌| 521/547 [00:40<00:01, 14.09it/s]
 96%|█████████▌| 523/547 [00:40<00:01, 14.21it/s]
 96%|█████████▌| 525/547 [00:40<00:01, 14.23it/s]
 96%|█████████▋| 527/547 [00:40<00:01, 14.21it/s]
 97%|█████████▋| 529/547 [00:40<00:01, 15.01it/s]
 97%|█████████▋| 531/547 [00:41<00:01, 15.48it/s]
 97%|█████████▋| 533/547 [00:41<00:00, 15.93it/s]
 98%|█████████▊| 535/547 [00:41<00:00, 16.39it/s]
 98%|█████████▊| 537/547 [00:41<00:00, 16.71it/s]
 99%|█████████▊| 539/547 [00:41<00:00, 16.99it/s]
 99%|█████████▉| 541/547 [00:41<00:00, 17.32it/s]
 99%|█████████▉| 543/547 [00:41<00:00, 17.73it/s]
100%|█████████▉| 545/547 [00:41<00:00, 17.82it/s]
100%|██████████| 547/547 [00:41<00:00, 17.71it/s]
                                                 
FULL_DDP partial 1/4 loss=0.2771 min=0.7

  0%|          | 0/547 [00:00<?, ?it/s]
  0%|          | 1/547 [00:02<25:02,  2.75s/it]
  1%|          | 3/547 [00:02<06:54,  1.31it/s]
  1%|          | 5/547 [00:03<03:37,  2.50it/s]
  1%|▏         | 7/547 [00:03<02:20,  3.86it/s]
  2%|▏         | 9/547 [00:03<01:42,  5.25it/s]
  2%|▏         | 11/547 [00:03<01:18,  6.82it/s]
  2%|▏         | 13/547 [00:03<01:06,  8.08it/s]
  3%|▎         | 15/547 [00:03<00:55,  9.51it/s]
  3%|▎         | 17/547 [00:03<00:49, 10.75it/s]
  3%|▎         | 19/547 [00:03<00:45, 11.62it/s]
  4%|▍         | 21/547 [00:04<00:42, 12.52it/s]
  4%|▍         | 23/547 [00:04<00:39, 13.40it/s]
  5%|▍         | 25/547 [00:04<00:39, 13.13it/s]
  5%|▍         | 27/547 [00:04<00:37, 13.71it/s]
  5%|▌         | 29/547 [00:04<00:36, 14.17it/s]
  6%|▌         | 31/547 [00:04<00:35, 14.38it/s]
  6%|▌         | 33/547 [00:04<00:37, 13.89it/s]
  6%|▋         | 35/547 [00:05<00:35, 14.57it/s]
  7%|▋         | 37/547 [00:05<00:36, 14.06it/s]
  7%|▋         | 39/547 [00:05<00:38, 13.29it/s]
  7%|▋         | 41/547 [00:05<00:35, 14.31it/s]
  8%|▊         | 43/547 [00:05<00:34, 14.76it/s]
  8%|▊         | 45/547 [00:05<00:34, 14.57it/s]
  9%|▊         | 47/547 [00:05<00:34, 14.48it/s]
  9%|▉         | 49/547 [00:06<00:35, 13.86it/s]
  9%|▉         | 51/547 [00:06<00:34, 14.42it/s]
 10%|▉         | 53/547 [00:06<00:34, 14.51it/s]
 10%|█         | 55/547 [00:06<00:33, 14.47it/s]
 10%|█         | 57/547 [00:06<00:34, 14.05it/s]
 11%|█         | 59/547 [00:06<00:34, 14.18it/s]
 11%|█         | 61/547 [00:06<00:33, 14.35it/s]
 12%|█▏        | 63/547 [00:07<00:32, 14.78it/s]
 12%|█▏        | 65/547 [00:07<00:32, 14.92it/s]
 12%|█▏        | 67/547 [00:07<00:32, 14.93it/s]
 13%|█▎        | 69/547 [00:07<00:32, 14.59it/s]
 13%|█▎        | 71/547 [00:07<00:33, 14.25it/s]
 13%|█▎        | 73/547 [00:07<00:32, 14.42it/s]
 14%|█▎        | 75/547 [00:07<00:33, 13.97it/s]
 14%|█▍        | 77/547 [00:08<00:33, 13.94it/s]
 14%|█▍        | 79/547 [00:08<00:32, 14.29it/s]
 15%|█▍        | 81/547 [00:08<00:31, 14.61it/s]
 15%|█▌        | 83/547 [00:08<00:32, 14.47it/s]
 16%|█▌        | 85/547 [00:08<00:32, 14.33it/s]
 16%|█▌        | 87/547 [00:08<00:31, 14.47it/s]
 16%|█▋        | 89/547 [00:08<00:31, 14.38it/s]
 17%|█▋        | 91/547 [00:08<00:31, 14.27it/s]
 17%|█▋        | 93/547 [00:09<00:31, 14.58it/s]
 17%|█▋        | 95/547 [00:09<00:31, 14.25it/s]
 18%|█▊        | 97/547 [00:09<00:33, 13.50it/s]
 18%|█▊        | 99/547 [00:09<00:32, 13.94it/s]
 18%|█▊        | 101/547 [00:09<00:31, 14.30it/s]
 19%|█▉        | 103/547 [00:09<00:30, 14.44it/s]
 19%|█▉        | 105/547 [00:09<00:30, 14.50it/s]
 20%|█▉        | 107/547 [00:10<00:30, 14.33it/s]
 20%|█▉        | 109/547 [00:10<00:30, 14.41it/s]
 20%|██        | 111/547 [00:10<00:29, 14.54it/s]
 21%|██        | 113/547 [00:10<00:30, 14.31it/s]
 21%|██        | 115/547 [00:10<00:31, 13.87it/s]
 21%|██▏       | 117/547 [00:10<00:30, 13.95it/s]
 22%|██▏       | 119/547 [00:10<00:30, 14.12it/s]
 22%|██▏       | 121/547 [00:11<00:30, 14.13it/s]
 22%|██▏       | 123/547 [00:11<00:30, 13.88it/s]
 23%|██▎       | 125/547 [00:11<00:31, 13.60it/s]
 23%|██▎       | 127/547 [00:11<00:30, 13.96it/s]
 24%|██▎       | 129/547 [00:11<00:29, 14.37it/s]
 24%|██▍       | 131/547 [00:11<00:27, 14.94it/s]
 24%|██▍       | 133/547 [00:11<00:30, 13.70it/s]
 25%|██▍       | 135/547 [00:12<00:29, 13.98it/s]
 25%|██▌       | 137/547 [00:12<00:29, 14.12it/s]
 25%|██▌       | 139/547 [00:12<00:28, 14.34it/s]
 26%|██▌       | 141/547 [00:12<00:29, 13.80it/s]
 26%|██▌       | 143/547 [00:12<00:28, 14.13it/s]
 27%|██▋       | 145/547 [00:12<00:27, 14.38it/s]
 27%|██▋       | 147/547 [00:12<00:27, 14.38it/s]
 27%|██▋       | 149/547 [00:13<00:27, 14.43it/s]
 28%|██▊       | 151/547 [00:13<00:27, 14.42it/s]
 28%|██▊       | 153/547 [00:13<00:27, 14.41it/s]
 28%|██▊       | 155/547 [00:13<00:26, 14.63it/s]
 29%|██▊       | 157/547 [00:13<00:27, 14.28it/s]
 29%|██▉       | 159/547 [00:13<00:27, 14.12it/s]
 29%|██▉       | 161/547 [00:13<00:26, 14.53it/s]
 30%|██▉       | 163/547 [00:14<00:26, 14.42it/s]
 30%|███       | 165/547 [00:14<00:26, 14.42it/s]
 31%|███       | 167/547 [00:14<00:26, 14.28it/s]
 31%|███       | 169/547 [00:14<00:25, 14.59it/s]
 31%|███▏      | 171/547 [00:14<00:25, 14.62it/s]
 32%|███▏      | 173/547 [00:14<00:24, 15.14it/s]
 32%|███▏      | 175/547 [00:14<00:26, 14.29it/s]
 32%|███▏      | 177/547 [00:15<00:26, 14.15it/s]
 33%|███▎      | 179/547 [00:15<00:25, 14.27it/s]
 33%|███▎      | 181/547 [00:15<00:25, 14.28it/s]
 33%|███▎      | 183/547 [00:15<00:26, 13.98it/s]
 34%|███▍      | 185/547 [00:15<00:25, 14.03it/s]
 34%|███▍      | 187/547 [00:15<00:24, 14.90it/s]
 35%|███▍      | 189/547 [00:15<00:24, 14.73it/s]
 35%|███▍      | 191/547 [00:15<00:25, 14.15it/s]
 35%|███▌      | 193/547 [00:16<00:24, 14.37it/s]
 36%|███▌      | 195/547 [00:16<00:24, 14.59it/s]
 36%|███▌      | 197/547 [00:16<00:23, 14.96it/s]
 36%|███▋      | 199/547 [00:16<00:22, 15.13it/s]
 37%|███▋      | 201/547 [00:16<00:23, 14.52it/s]
 37%|███▋      | 203/547 [00:16<00:23, 14.76it/s]
 37%|███▋      | 205/547 [00:16<00:23, 14.52it/s]
 38%|███▊      | 207/547 [00:17<00:23, 14.74it/s]
 38%|███▊      | 209/547 [00:17<00:23, 14.58it/s]
 39%|███▊      | 211/547 [00:17<00:22, 14.74it/s]
 39%|███▉      | 213/547 [00:17<00:22, 14.96it/s]
 39%|███▉      | 215/547 [00:17<00:22, 14.94it/s]
 40%|███▉      | 217/547 [00:17<00:22, 14.74it/s]
 40%|████      | 219/547 [00:17<00:22, 14.84it/s]
 40%|████      | 221/547 [00:18<00:23, 13.96it/s]
 41%|████      | 223/547 [00:18<00:22, 14.50it/s]
 41%|████      | 225/547 [00:18<00:22, 14.30it/s]
 41%|████▏     | 227/547 [00:18<00:23, 13.91it/s]
 42%|████▏     | 229/547 [00:18<00:22, 14.26it/s]
 42%|████▏     | 231/547 [00:18<00:21, 14.78it/s]
 43%|████▎     | 233/547 [00:18<00:20, 14.96it/s]
 43%|████▎     | 235/547 [00:18<00:20, 15.29it/s]
 43%|████▎     | 237/547 [00:19<00:21, 14.73it/s]
 44%|████▎     | 239/547 [00:19<00:21, 14.61it/s]
 44%|████▍     | 241/547 [00:19<00:20, 14.69it/s]
 44%|████▍     | 243/547 [00:19<00:20, 14.62it/s]
 45%|████▍     | 245/547 [00:19<00:21, 14.06it/s]
 45%|████▌     | 247/547 [00:19<00:20, 14.51it/s]
 46%|████▌     | 249/547 [00:19<00:21, 13.87it/s]
 46%|████▌     | 251/547 [00:20<00:20, 14.29it/s]
 46%|████▋     | 253/547 [00:20<00:20, 14.16it/s]
 47%|████▋     | 255/547 [00:20<00:20, 14.22it/s]
 47%|████▋     | 257/547 [00:20<00:19, 14.52it/s]
 47%|████▋     | 259/547 [00:20<00:19, 14.52it/s]
 48%|████▊     | 261/547 [00:20<00:19, 14.67it/s]
 48%|████▊     | 263/547 [00:20<00:19, 14.56it/s]
 48%|████▊     | 265/547 [00:21<00:19, 14.75it/s]
 49%|████▉     | 267/547 [00:21<00:19, 14.65it/s]
 49%|████▉     | 269/547 [00:21<00:19, 14.56it/s]
 50%|████▉     | 271/547 [00:21<00:19, 14.10it/s]
 50%|████▉     | 273/547 [00:21<00:18, 14.43it/s]
 50%|█████     | 275/547 [00:21<00:18, 14.87it/s]
 51%|█████     | 277/547 [00:21<00:18, 14.44it/s]
 51%|█████     | 279/547 [00:22<00:18, 14.48it/s]
 51%|█████▏    | 281/547 [00:22<00:19, 14.00it/s]
 52%|█████▏    | 283/547 [00:22<00:18, 14.27it/s]
 52%|█████▏    | 285/547 [00:22<00:18, 14.22it/s]
 52%|█████▏    | 287/547 [00:22<00:17, 14.51it/s]
 53%|█████▎    | 289/547 [00:22<00:18, 14.29it/s]
 53%|█████▎    | 291/547 [00:22<00:17, 14.49it/s]
 54%|█████▎    | 293/547 [00:23<00:17, 14.49it/s]
 54%|█████▍    | 295/547 [00:23<00:17, 14.23it/s]
 54%|█████▍    | 297/547 [00:23<00:17, 14.55it/s]
 55%|█████▍    | 299/547 [00:23<00:17, 14.40it/s]
 55%|█████▌    | 301/547 [00:23<00:17, 14.27it/s]
 55%|█████▌    | 303/547 [00:23<00:17, 14.35it/s]
 56%|█████▌    | 305/547 [00:23<00:16, 14.84it/s]
 56%|█████▌    | 307/547 [00:23<00:16, 14.28it/s]
 56%|█████▋    | 309/547 [00:24<00:16, 14.62it/s]
 57%|█████▋    | 311/547 [00:24<00:16, 14.00it/s]
 57%|█████▋    | 313/547 [00:24<00:15, 14.86it/s]
 58%|█████▊    | 315/547 [00:24<00:15, 14.87it/s]
 58%|█████▊    | 317/547 [00:24<00:15, 14.68it/s]
 58%|█████▊    | 319/547 [00:24<00:15, 14.96it/s]
 59%|█████▊    | 321/547 [00:24<00:15, 14.76it/s]
 59%|█████▉    | 323/547 [00:25<00:15, 14.51it/s]
 59%|█████▉    | 325/547 [00:25<00:15, 14.07it/s]
 60%|█████▉    | 327/547 [00:25<00:15, 14.10it/s]
 60%|██████    | 329/547 [00:25<00:15, 14.08it/s]
 61%|██████    | 331/547 [00:25<00:15, 13.74it/s]
 61%|██████    | 333/547 [00:25<00:15, 13.82it/s]
 61%|██████    | 335/547 [00:25<00:15, 14.01it/s]
 62%|██████▏   | 337/547 [00:26<00:14, 14.43it/s]
 62%|██████▏   | 339/547 [00:26<00:14, 14.12it/s]
 62%|██████▏   | 341/547 [00:26<00:14, 14.27it/s]
 63%|██████▎   | 343/547 [00:26<00:14, 14.09it/s]
 63%|██████▎   | 345/547 [00:26<00:14, 14.21it/s]
 63%|██████▎   | 347/547 [00:26<00:14, 14.21it/s]
 64%|██████▍   | 349/547 [00:26<00:13, 14.19it/s]
 64%|██████▍   | 351/547 [00:27<00:13, 14.18it/s]
 65%|██████▍   | 353/547 [00:27<00:13, 14.39it/s]
 65%|██████▍   | 355/547 [00:27<00:12, 14.81it/s]
 65%|██████▌   | 357/547 [00:27<00:12, 14.83it/s]
 66%|██████▌   | 359/547 [00:27<00:12, 14.61it/s]
 66%|██████▌   | 361/547 [00:27<00:12, 14.78it/s]
 66%|██████▋   | 363/547 [00:27<00:12, 14.23it/s]
 67%|██████▋   | 365/547 [00:28<00:12, 14.10it/s]
 67%|██████▋   | 367/547 [00:28<00:12, 14.22it/s]
 67%|██████▋   | 369/547 [00:28<00:12, 14.28it/s]
 68%|██████▊   | 371/547 [00:28<00:12, 14.45it/s]
 68%|██████▊   | 373/547 [00:28<00:11, 14.76it/s]
 69%|██████▊   | 375/547 [00:28<00:11, 15.08it/s]
 69%|██████▉   | 377/547 [00:28<00:11, 14.59it/s]
 69%|██████▉   | 379/547 [00:28<00:11, 14.39it/s]
 70%|██████▉   | 381/547 [00:29<00:11, 14.21it/s]
 70%|███████   | 383/547 [00:29<00:11, 14.12it/s]
 70%|███████   | 385/547 [00:29<00:11, 14.34it/s]
 71%|███████   | 387/547 [00:29<00:10, 14.95it/s]
 71%|███████   | 389/547 [00:29<00:10, 14.97it/s]
 71%|███████▏  | 391/547 [00:29<00:10, 14.88it/s]
 72%|███████▏  | 393/547 [00:29<00:10, 14.39it/s]
 72%|███████▏  | 395/547 [00:30<00:10, 14.67it/s]
 73%|███████▎  | 397/547 [00:30<00:10, 14.48it/s]
 73%|███████▎  | 399/547 [00:30<00:10, 14.14it/s]
 73%|███████▎  | 401/547 [00:30<00:09, 14.60it/s]
 74%|███████▎  | 403/547 [00:30<00:10, 14.30it/s]
 74%|███████▍  | 405/547 [00:30<00:09, 14.59it/s]
 74%|███████▍  | 407/547 [00:30<00:09, 14.43it/s]
 75%|███████▍  | 409/547 [00:31<00:09, 14.21it/s]
 75%|███████▌  | 411/547 [00:31<00:09, 14.30it/s]
 76%|███████▌  | 413/547 [00:31<00:09, 14.23it/s]
 76%|███████▌  | 415/547 [00:31<00:09, 14.50it/s]
 76%|███████▌  | 417/547 [00:31<00:08, 14.47it/s]
 77%|███████▋  | 419/547 [00:31<00:08, 14.32it/s]
 77%|███████▋  | 421/547 [00:31<00:09, 13.98it/s]
 77%|███████▋  | 423/547 [00:32<00:08, 14.47it/s]
 78%|███████▊  | 425/547 [00:32<00:08, 14.56it/s]
 78%|███████▊  | 427/547 [00:32<00:08, 14.80it/s]
 78%|███████▊  | 429/547 [00:32<00:07, 14.92it/s]
 79%|███████▉  | 431/547 [00:32<00:08, 14.48it/s]
 79%|███████▉  | 433/547 [00:32<00:07, 14.31it/s]
 80%|███████▉  | 435/547 [00:32<00:07, 14.52it/s]
 80%|███████▉  | 437/547 [00:33<00:07, 14.19it/s]
 80%|████████  | 439/547 [00:33<00:07, 14.36it/s]
 81%|████████  | 441/547 [00:33<00:07, 14.05it/s]
 81%|████████  | 443/547 [00:33<00:07, 14.50it/s]
 81%|████████▏ | 445/547 [00:33<00:07, 14.32it/s]
 82%|████████▏ | 447/547 [00:33<00:06, 14.49it/s]
 82%|████████▏ | 449/547 [00:33<00:06, 14.67it/s]
 82%|████████▏ | 451/547 [00:33<00:06, 14.57it/s]
 83%|████████▎ | 453/547 [00:34<00:06, 14.33it/s]
 83%|████████▎ | 455/547 [00:34<00:06, 14.15it/s]
 84%|████████▎ | 457/547 [00:34<00:09,  9.69it/s]
 84%|████████▍ | 459/547 [00:34<00:08, 10.97it/s]
 84%|████████▍ | 461/547 [00:34<00:07, 11.82it/s]
 85%|████████▍ | 463/547 [00:34<00:06, 12.93it/s]
 85%|████████▌ | 465/547 [00:35<00:06, 13.39it/s]
 85%|████████▌ | 467/547 [00:35<00:05, 13.44it/s]
 86%|████████▌ | 469/547 [00:35<00:05, 13.54it/s]
 86%|████████▌ | 471/547 [00:35<00:05, 14.12it/s]
 86%|████████▋ | 473/547 [00:35<00:05, 14.29it/s]
 87%|████████▋ | 475/547 [00:35<00:04, 14.70it/s]
 87%|████████▋ | 477/547 [00:35<00:04, 14.51it/s]
 88%|████████▊ | 479/547 [00:36<00:04, 14.88it/s]
 88%|████████▊ | 481/547 [00:36<00:04, 14.60it/s]
 88%|████████▊ | 483/547 [00:36<00:04, 13.75it/s]
 89%|████████▊ | 485/547 [00:36<00:04, 13.94it/s]
 89%|████████▉ | 487/547 [00:36<00:04, 14.15it/s]
 89%|████████▉ | 489/547 [00:36<00:05, 10.30it/s]
 90%|████████▉ | 491/547 [00:37<00:04, 11.49it/s]
 90%|█████████ | 493/547 [00:37<00:04, 12.42it/s]
 90%|█████████ | 495/547 [00:37<00:03, 13.22it/s]
 91%|█████████ | 497/547 [00:37<00:03, 13.44it/s]
 91%|█████████ | 499/547 [00:37<00:03, 14.19it/s]
 92%|█████████▏| 501/547 [00:37<00:03, 14.27it/s]
 92%|█████████▏| 503/547 [00:37<00:03, 13.93it/s]
 92%|█████████▏| 505/547 [00:38<00:02, 14.14it/s]
 93%|█████████▎| 507/547 [00:38<00:02, 14.22it/s]
 93%|█████████▎| 509/547 [00:38<00:02, 14.12it/s]
 93%|█████████▎| 511/547 [00:38<00:02, 14.69it/s]
 94%|█████████▍| 513/547 [00:38<00:02, 14.67it/s]
 94%|█████████▍| 515/547 [00:38<00:02, 14.26it/s]
 95%|█████████▍| 517/547 [00:38<00:02, 14.34it/s]
 95%|█████████▍| 519/547 [00:39<00:02, 13.92it/s]
 95%|█████████▌| 521/547 [00:39<00:01, 14.45it/s]
 96%|█████████▌| 523/547 [00:39<00:01, 14.70it/s]
 96%|█████████▌| 525/547 [00:39<00:01, 15.02it/s]
 96%|█████████▋| 527/547 [00:39<00:01, 15.17it/s]
 97%|█████████▋| 529/547 [00:39<00:01, 15.55it/s]
 97%|█████████▋| 531/547 [00:39<00:00, 16.08it/s]
 97%|█████████▋| 533/547 [00:39<00:00, 16.15it/s]
 98%|█████████▊| 535/547 [00:40<00:00, 16.58it/s]
 98%|█████████▊| 537/547 [00:40<00:00, 16.96it/s]
 99%|█████████▊| 539/547 [00:40<00:00, 17.24it/s]
 99%|█████████▉| 541/547 [00:40<00:00, 17.42it/s]
 99%|█████████▉| 543/547 [00:40<00:00, 17.48it/s]
100%|█████████▉| 545/547 [00:40<00:00, 17.59it/s]
100%|██████████| 547/547 [00:40<00:00, 17.72it/s]
                                                 
FULL_DDP partial 2/4 loss=0.1883 min=0.7

  0%|          | 0/547 [00:00<?, ?it/s]
  0%|          | 1/547 [00:02<21:36,  2.37s/it]
  0%|          | 2/547 [00:02<09:51,  1.08s/it]
  1%|          | 4/547 [00:02<04:06,  2.20it/s]
  1%|          | 5/547 [00:02<03:36,  2.51it/s]
  1%|▏         | 7/547 [00:03<02:10,  4.12it/s]
  2%|▏         | 9/547 [00:03<01:32,  5.79it/s]
  2%|▏         | 11/547 [00:03<01:13,  7.26it/s]
  2%|▏         | 13/547 [00:03<00:59,  8.97it/s]
  3%|▎         | 15/547 [00:03<00:51, 10.34it/s]
  3%|▎         | 17/547 [00:04<01:17,  6.80it/s]
  3%|▎         | 19/547 [00:04<01:03,  8.25it/s]
  4%|▍         | 21/547 [00:04<00:54,  9.59it/s]
  4%|▍         | 23/547 [00:04<00:49, 10.51it/s]
  5%|▍         | 25/547 [00:04<00:44, 11.60it/s]
  5%|▍         | 27/547 [00:04<00:42, 12.37it/s]
  5%|▌         | 29/547 [00:04<00:40, 12.78it/s]
  6%|▌         | 31/547 [00:05<00:39, 13.23it/s]
  6%|▌         | 33/547 [00:05<00:37, 13.73it/s]
  6%|▋         | 35/547 [00:05<00:36, 14.15it/s]
  7%|▋         | 37/547 [00:05<00:36, 13.95it/s]
  7%|▋         | 39/547 [00:05<00:34, 14.54it/s]
  7%|▋         | 41/547 [00:05<00:34, 14.68it/s]
  8%|▊         | 43/547 [00:05<00:36, 13.83it/s]
  8%|▊         | 45/547 [00:06<00:35, 14.26it/s]
  9%|▊         | 47/547 [00:06<00:35, 14.05it/s]
  9%|▉         | 49/547 [00:06<00:34, 14.40it/s]
  9%|▉         | 51/547 [00:06<00:35, 13.89it/s]
 10%|▉         | 53/547 [00:06<00:36, 13.61it/s]
 10%|█         | 55/547 [00:06<00:35, 13.91it/s]
 10%|█         | 57/547 [00:06<00:32, 14.88it/s]
 11%|█         | 59/547 [00:07<00:33, 14.52it/s]
 11%|█         | 61/547 [00:07<00:33, 14.61it/s]
 12%|█▏        | 63/547 [00:07<00:33, 14.33it/s]
 12%|█▏        | 65/547 [00:07<00:33, 14.58it/s]
 12%|█▏        | 67/547 [00:07<00:33, 14.39it/s]
 13%|█▎        | 69/547 [00:07<00:33, 14.32it/s]
 13%|█▎        | 71/547 [00:07<00:32, 14.48it/s]
 13%|█▎        | 73/547 [00:08<00:33, 14.24it/s]
 14%|█▎        | 75/547 [00:08<00:33, 14.09it/s]
 14%|█▍        | 77/547 [00:08<00:33, 14.10it/s]
 14%|█▍        | 79/547 [00:08<00:32, 14.57it/s]
 15%|█▍        | 81/547 [00:08<00:31, 14.66it/s]
 15%|█▌        | 83/547 [00:08<00:32, 14.11it/s]
 16%|█▌        | 85/547 [00:08<00:31, 14.61it/s]
 16%|█▌        | 87/547 [00:09<00:31, 14.66it/s]
 16%|█▋        | 89/547 [00:09<00:31, 14.40it/s]
 17%|█▋        | 91/547 [00:09<00:31, 14.69it/s]
 17%|█▋        | 93/547 [00:09<00:31, 14.49it/s]
 17%|█▋        | 95/547 [00:09<00:31, 14.45it/s]
 18%|█▊        | 97/547 [00:09<00:30, 14.71it/s]
 18%|█▊        | 99/547 [00:09<00:31, 14.06it/s]
 18%|█▊        | 101/547 [00:09<00:30, 14.39it/s]
 19%|█▉        | 103/547 [00:10<00:31, 14.06it/s]
 19%|█▉        | 105/547 [00:10<00:30, 14.42it/s]
 20%|█▉        | 107/547 [00:10<00:30, 14.45it/s]
 20%|█▉        | 109/547 [00:10<00:30, 14.22it/s]
 20%|██        | 111/547 [00:10<00:30, 14.44it/s]
 21%|██        | 113/547 [00:10<00:30, 14.31it/s]
 21%|██        | 115/547 [00:10<00:30, 14.25it/s]
 21%|██▏       | 117/547 [00:11<00:30, 14.20it/s]
 22%|██▏       | 119/547 [00:11<00:28, 14.83it/s]
 22%|██▏       | 121/547 [00:11<00:29, 14.51it/s]
 22%|██▏       | 123/547 [00:11<00:29, 14.50it/s]
 23%|██▎       | 125/547 [00:11<00:28, 14.67it/s]
 23%|██▎       | 127/547 [00:11<00:28, 14.62it/s]
 24%|██▎       | 129/547 [00:11<00:28, 14.45it/s]
 24%|██▍       | 131/547 [00:12<00:29, 14.20it/s]
 24%|██▍       | 133/547 [00:12<00:28, 14.41it/s]
 25%|██▍       | 135/547 [00:12<00:28, 14.57it/s]
 25%|██▌       | 137/547 [00:12<00:28, 14.47it/s]
 25%|██▌       | 139/547 [00:12<00:28, 14.31it/s]
 26%|██▌       | 141/547 [00:12<00:27, 14.59it/s]
 26%|██▌       | 143/547 [00:12<00:28, 14.20it/s]
 27%|██▋       | 145/547 [00:13<00:27, 14.57it/s]
 27%|██▋       | 147/547 [00:13<00:27, 14.34it/s]
 27%|██▋       | 149/547 [00:13<00:27, 14.28it/s]
 28%|██▊       | 151/547 [00:13<00:36, 10.77it/s]
 28%|██▊       | 153/547 [00:13<00:32, 12.04it/s]
 28%|██▊       | 155/547 [00:13<00:30, 12.72it/s]
 29%|██▊       | 157/547 [00:14<00:29, 13.28it/s]
 29%|██▉       | 159/547 [00:14<00:27, 13.98it/s]
 29%|██▉       | 161/547 [00:14<00:26, 14.49it/s]
 30%|██▉       | 163/547 [00:14<00:26, 14.54it/s]
 30%|███       | 165/547 [00:14<00:26, 14.16it/s]
 31%|███       | 167/547 [00:14<00:26, 14.58it/s]
 31%|███       | 169/547 [00:14<00:27, 13.90it/s]
 31%|███▏      | 171/547 [00:14<00:27, 13.92it/s]
 32%|███▏      | 173/547 [00:15<00:25, 14.39it/s]
 32%|███▏      | 175/547 [00:15<00:26, 14.30it/s]
 32%|███▏      | 177/547 [00:15<00:26, 13.99it/s]
 33%|███▎      | 179/547 [00:15<00:25, 14.44it/s]
 33%|███▎      | 181/547 [00:15<00:24, 14.83it/s]
 33%|███▎      | 183/547 [00:15<00:24, 15.05it/s]
 34%|███▍      | 185/547 [00:15<00:24, 14.66it/s]
 34%|███▍      | 187/547 [00:16<00:25, 14.22it/s]
 35%|███▍      | 189/547 [00:16<00:25, 14.31it/s]
 35%|███▍      | 191/547 [00:16<00:24, 14.72it/s]
 35%|███▌      | 193/547 [00:16<00:24, 14.44it/s]
 36%|███▌      | 195/547 [00:16<00:24, 14.54it/s]
 36%|███▌      | 197/547 [00:16<00:24, 14.52it/s]
 36%|███▋      | 199/547 [00:16<00:24, 14.21it/s]
 37%|███▋      | 201/547 [00:17<00:24, 14.29it/s]
 37%|███▋      | 203/547 [00:17<00:24, 14.20it/s]
 37%|███▋      | 205/547 [00:17<00:23, 14.46it/s]
 38%|███▊      | 207/547 [00:17<00:23, 14.26it/s]
 38%|███▊      | 209/547 [00:17<00:24, 14.02it/s]
 39%|███▊      | 211/547 [00:17<00:23, 14.23it/s]
 39%|███▉      | 213/547 [00:17<00:22, 14.83it/s]
 39%|███▉      | 215/547 [00:18<00:22, 14.62it/s]
 40%|███▉      | 217/547 [00:18<00:22, 14.37it/s]
 40%|████      | 219/547 [00:18<00:22, 14.55it/s]
 40%|████      | 221/547 [00:18<00:22, 14.45it/s]
 41%|████      | 223/547 [00:18<00:22, 14.23it/s]
 41%|████      | 225/547 [00:18<00:22, 14.26it/s]
 41%|████▏     | 227/547 [00:18<00:22, 14.24it/s]
 42%|████▏     | 229/547 [00:19<00:22, 14.22it/s]
 42%|████▏     | 231/547 [00:19<00:21, 14.66it/s]
 43%|████▎     | 233/547 [00:19<00:21, 14.55it/s]
 43%|████▎     | 235/547 [00:19<00:21, 14.35it/s]
 43%|████▎     | 237/547 [00:19<00:20, 14.92it/s]
 44%|████▎     | 239/547 [00:19<00:20, 14.74it/s]
 44%|████▍     | 241/547 [00:19<00:21, 14.24it/s]
 44%|████▍     | 243/547 [00:19<00:21, 14.43it/s]
 45%|████▍     | 245/547 [00:20<00:21, 14.15it/s]
 45%|████▌     | 247/547 [00:20<00:20, 14.61it/s]
 46%|████▌     | 249/547 [00:20<00:20, 14.75it/s]
 46%|████▌     | 251/547 [00:20<00:20, 14.62it/s]
 46%|████▋     | 253/547 [00:20<00:20, 14.34it/s]
 47%|████▋     | 255/547 [00:20<00:20, 14.42it/s]
 47%|████▋     | 257/547 [00:20<00:19, 14.61it/s]
 47%|████▋     | 259/547 [00:21<00:19, 14.84it/s]
 48%|████▊     | 261/547 [00:21<00:19, 14.68it/s]
 48%|████▊     | 263/547 [00:21<00:19, 14.32it/s]
 48%|████▊     | 265/547 [00:21<00:20, 14.04it/s]
 49%|████▉     | 267/547 [00:21<00:20, 13.83it/s]
 49%|████▉     | 269/547 [00:21<00:19, 14.37it/s]
 50%|████▉     | 271/547 [00:21<00:18, 14.60it/s]
 50%|████▉     | 273/547 [00:22<00:18, 14.80it/s]
 50%|█████     | 275/547 [00:22<00:18, 14.67it/s]
 51%|█████     | 277/547 [00:22<00:18, 14.24it/s]
 51%|█████     | 279/547 [00:22<00:18, 14.26it/s]
 51%|█████▏    | 281/547 [00:22<00:17, 14.85it/s]
 52%|█████▏    | 283/547 [00:22<00:17, 14.84it/s]
 52%|█████▏    | 285/547 [00:22<00:18, 14.42it/s]
 52%|█████▏    | 287/547 [00:23<00:18, 14.43it/s]
 53%|█████▎    | 289/547 [00:23<00:17, 14.75it/s]
 53%|█████▎    | 291/547 [00:23<00:17, 14.82it/s]
 54%|█████▎    | 293/547 [00:23<00:17, 14.60it/s]
 54%|█████▍    | 295/547 [00:23<00:18, 13.80it/s]
 54%|█████▍    | 297/547 [00:23<00:17, 14.09it/s]
 55%|█████▍    | 299/547 [00:23<00:17, 14.02it/s]
 55%|█████▌    | 301/547 [00:23<00:17, 14.46it/s]
 55%|█████▌    | 303/547 [00:24<00:16, 14.50it/s]
 56%|█████▌    | 305/547 [00:24<00:16, 14.34it/s]
 56%|█████▌    | 307/547 [00:24<00:16, 14.45it/s]
 56%|█████▋    | 309/547 [00:24<00:16, 14.38it/s]
 57%|█████▋    | 311/547 [00:24<00:16, 14.53it/s]
 57%|█████▋    | 313/547 [00:24<00:16, 13.93it/s]
 58%|█████▊    | 315/547 [00:24<00:16, 14.45it/s]
 58%|█████▊    | 317/547 [00:25<00:16, 14.31it/s]
 58%|█████▊    | 319/547 [00:25<00:15, 14.41it/s]
 59%|█████▊    | 321/547 [00:25<00:15, 14.16it/s]
 59%|█████▉    | 323/547 [00:25<00:16, 13.91it/s]
 59%|█████▉    | 325/547 [00:25<00:15, 14.55it/s]
 60%|█████▉    | 327/547 [00:25<00:14, 14.97it/s]
 60%|██████    | 329/547 [00:25<00:14, 14.62it/s]
 61%|██████    | 331/547 [00:26<00:14, 14.67it/s]
 61%|██████    | 333/547 [00:26<00:14, 14.63it/s]
 61%|██████    | 335/547 [00:26<00:14, 14.68it/s]
 62%|██████▏   | 337/547 [00:26<00:14, 14.91it/s]
 62%|██████▏   | 339/547 [00:26<00:13, 15.02it/s]
 62%|██████▏   | 341/547 [00:26<00:13, 14.82it/s]
 63%|██████▎   | 343/547 [00:26<00:13, 15.06it/s]
 63%|██████▎   | 345/547 [00:27<00:14, 14.17it/s]
 63%|██████▎   | 347/547 [00:27<00:14, 14.10it/s]
 64%|██████▍   | 349/547 [00:27<00:13, 14.51it/s]
 64%|██████▍   | 351/547 [00:27<00:13, 14.36it/s]
 65%|██████▍   | 353/547 [00:27<00:13, 14.42it/s]
 65%|██████▍   | 355/547 [00:27<00:13, 14.23it/s]
 65%|██████▌   | 357/547 [00:27<00:13, 14.20it/s]
 66%|██████▌   | 359/547 [00:28<00:13, 13.76it/s]
 66%|██████▌   | 361/547 [00:28<00:12, 14.49it/s]
 66%|██████▋   | 363/547 [00:28<00:12, 14.71it/s]
 67%|██████▋   | 365/547 [00:28<00:13, 13.93it/s]
 67%|██████▋   | 367/547 [00:28<00:12, 14.76it/s]
 67%|██████▋   | 369/547 [00:28<00:12, 14.62it/s]
 68%|██████▊   | 371/547 [00:28<00:12, 14.44it/s]
 68%|██████▊   | 373/547 [00:28<00:12, 14.32it/s]
 69%|██████▊   | 375/547 [00:29<00:11, 14.46it/s]
 69%|██████▉   | 377/547 [00:29<00:11, 14.60it/s]
 69%|██████▉   | 379/547 [00:29<00:11, 14.61it/s]
 70%|██████▉   | 381/547 [00:29<00:11, 14.43it/s]
 70%|███████   | 383/547 [00:29<00:11, 14.35it/s]
 70%|███████   | 385/547 [00:29<00:11, 14.39it/s]
 71%|███████   | 387/547 [00:29<00:11, 14.29it/s]
 71%|███████   | 389/547 [00:30<00:10, 14.50it/s]
 71%|███████▏  | 391/547 [00:30<00:26,  5.78it/s]
 72%|███████▏  | 393/547 [00:31<00:21,  7.19it/s]
 72%|███████▏  | 395/547 [00:31<00:17,  8.51it/s]
 73%|███████▎  | 397/547 [00:31<00:15,  9.76it/s]
 73%|███████▎  | 399/547 [00:31<00:13, 11.07it/s]
 73%|███████▎  | 401/547 [00:31<00:12, 12.06it/s]
 74%|███████▎  | 403/547 [00:31<00:11, 12.31it/s]
 74%|███████▍  | 405/547 [00:31<00:11, 12.80it/s]
 74%|███████▍  | 407/547 [00:31<00:10, 13.11it/s]
 75%|███████▍  | 409/547 [00:32<00:10, 13.46it/s]
 75%|███████▌  | 411/547 [00:32<00:09, 14.01it/s]
 76%|███████▌  | 413/547 [00:32<00:09, 14.18it/s]
 76%|███████▌  | 415/547 [00:32<00:09, 14.39it/s]
 76%|███████▌  | 417/547 [00:32<00:09, 14.02it/s]
 77%|███████▋  | 419/547 [00:32<00:09, 14.05it/s]
 77%|███████▋  | 421/547 [00:32<00:09, 13.80it/s]
 77%|███████▋  | 423/547 [00:33<00:08, 14.32it/s]
 78%|███████▊  | 425/547 [00:33<00:08, 14.39it/s]
 78%|███████▊  | 427/547 [00:33<00:08, 14.51it/s]
 78%|███████▊  | 429/547 [00:33<00:08, 14.59it/s]
 79%|███████▉  | 431/547 [00:33<00:08, 14.02it/s]
 79%|███████▉  | 433/547 [00:33<00:08, 14.13it/s]
 80%|███████▉  | 435/547 [00:33<00:08, 13.82it/s]
 80%|███████▉  | 437/547 [00:34<00:07, 14.20it/s]
 80%|████████  | 439/547 [00:34<00:07, 14.40it/s]
 81%|████████  | 441/547 [00:34<00:07, 14.49it/s]
 81%|████████  | 443/547 [00:34<00:07, 14.12it/s]
 81%|████████▏ | 445/547 [00:34<00:06, 14.57it/s]
 82%|████████▏ | 447/547 [00:34<00:07, 14.22it/s]
 82%|████████▏ | 449/547 [00:34<00:06, 14.28it/s]
 82%|████████▏ | 451/547 [00:35<00:06, 14.38it/s]
 83%|████████▎ | 453/547 [00:35<00:06, 14.62it/s]
 83%|████████▎ | 455/547 [00:35<00:06, 14.84it/s]
 84%|████████▎ | 457/547 [00:35<00:06, 14.64it/s]
 84%|████████▍ | 459/547 [00:35<00:05, 14.69it/s]
 84%|████████▍ | 461/547 [00:35<00:05, 14.76it/s]
 85%|████████▍ | 463/547 [00:35<00:05, 14.71it/s]
 85%|████████▌ | 465/547 [00:35<00:05, 14.60it/s]
 85%|████████▌ | 467/547 [00:36<00:05, 14.85it/s]
 86%|████████▌ | 469/547 [00:36<00:05, 14.63it/s]
 86%|████████▌ | 471/547 [00:36<00:05, 14.58it/s]
 86%|████████▋ | 473/547 [00:36<00:05, 14.58it/s]
 87%|████████▋ | 475/547 [00:36<00:05, 14.34it/s]
 87%|████████▋ | 477/547 [00:36<00:04, 14.28it/s]
 88%|████████▊ | 479/547 [00:36<00:04, 14.34it/s]
 88%|████████▊ | 481/547 [00:37<00:04, 14.41it/s]
 88%|████████▊ | 483/547 [00:37<00:04, 14.19it/s]
 89%|████████▊ | 485/547 [00:37<00:04, 14.51it/s]
 89%|████████▉ | 487/547 [00:37<00:04, 14.20it/s]
 89%|████████▉ | 489/547 [00:37<00:04, 14.50it/s]
 90%|████████▉ | 491/547 [00:37<00:03, 14.34it/s]
 90%|█████████ | 493/547 [00:38<00:05, 10.39it/s]
 90%|█████████ | 495/547 [00:38<00:04, 11.54it/s]
 91%|█████████ | 497/547 [00:38<00:03, 12.60it/s]
 91%|█████████ | 499/547 [00:38<00:03, 13.26it/s]
 92%|█████████▏| 501/547 [00:38<00:03, 13.40it/s]
 92%|█████████▏| 503/547 [00:38<00:03, 13.66it/s]
 92%|█████████▏| 505/547 [00:38<00:03, 13.54it/s]
 93%|█████████▎| 507/547 [00:39<00:02, 13.71it/s]
 93%|█████████▎| 509/547 [00:39<00:02, 13.90it/s]
 93%|█████████▎| 511/547 [00:39<00:02, 14.14it/s]
 94%|█████████▍| 513/547 [00:39<00:02, 14.04it/s]
 94%|█████████▍| 515/547 [00:39<00:02, 14.29it/s]
 95%|█████████▍| 517/547 [00:39<00:02, 14.41it/s]
 95%|█████████▍| 519/547 [00:39<00:01, 14.58it/s]
 95%|█████████▌| 521/547 [00:40<00:01, 13.87it/s]
 96%|█████████▌| 523/547 [00:40<00:01, 14.00it/s]
 96%|█████████▌| 525/547 [00:40<00:01, 14.21it/s]
 96%|█████████▋| 527/547 [00:40<00:01, 14.46it/s]
 97%|█████████▋| 529/547 [00:40<00:01, 15.41it/s]
 97%|█████████▋| 531/547 [00:40<00:00, 16.11it/s]
 97%|█████████▋| 533/547 [00:40<00:00, 16.91it/s]
 98%|█████████▊| 535/547 [00:40<00:00, 17.56it/s]
 98%|█████████▊| 537/547 [00:41<00:00, 17.63it/s]
 99%|█████████▊| 539/547 [00:41<00:00, 17.88it/s]
 99%|█████████▉| 541/547 [00:41<00:00, 18.34it/s]
 99%|█████████▉| 543/547 [00:41<00:00, 18.53it/s]
100%|█████████▉| 545/547 [00:41<00:00, 18.47it/s]
100%|██████████| 547/547 [00:41<00:00, 18.36it/s]
                                                 
FULL_DDP partial 3/4 loss=0.1228 min=0.7

  0%|          | 0/547 [00:00<?, ?it/s]
  0%|          | 1/547 [00:02<20:14,  2.22s/it]
  0%|          | 2/547 [00:02<10:23,  1.14s/it]
  1%|          | 4/547 [00:02<04:13,  2.14it/s]
  1%|          | 6/547 [00:02<02:29,  3.63it/s]
  1%|▏         | 8/547 [00:03<01:44,  5.16it/s]
  2%|▏         | 10/547 [00:03<01:19,  6.72it/s]
  2%|▏         | 12/547 [00:03<01:03,  8.38it/s]
  3%|▎         | 14/547 [00:03<00:55,  9.61it/s]
  3%|▎         | 16/547 [00:03<00:49, 10.80it/s]
  3%|▎         | 18/547 [00:03<00:45, 11.75it/s]
  4%|▎         | 20/547 [00:03<00:41, 12.70it/s]
  4%|▍         | 22/547 [00:03<00:42, 12.49it/s]
  4%|▍         | 24/547 [00:04<00:39, 13.12it/s]
  5%|▍         | 26/547 [00:04<00:38, 13.45it/s]
  5%|▌         | 28/547 [00:04<00:36, 14.12it/s]
  5%|▌         | 30/547 [00:04<00:37, 13.77it/s]
  6%|▌         | 32/547 [00:04<00:37, 13.85it/s]
  6%|▌         | 34/547 [00:04<00:35, 14.40it/s]
  7%|▋         | 36/547 [00:04<00:34, 14.70it/s]
  7%|▋         | 38/547 [00:05<00:35, 14.54it/s]
  7%|▋         | 40/547 [00:05<00:36, 14.07it/s]
  8%|▊         | 42/547 [00:05<00:35, 14.10it/s]
  8%|▊         | 44/547 [00:05<00:35, 14.25it/s]
  8%|▊         | 46/547 [00:05<00:34, 14.58it/s]
  9%|▉         | 48/547 [00:05<00:34, 14.41it/s]
  9%|▉         | 50/547 [00:05<00:33, 14.75it/s]
 10%|▉         | 52/547 [00:06<00:34, 14.47it/s]
 10%|▉         | 54/547 [00:06<00:33, 14.69it/s]
 10%|█         | 56/547 [00:06<00:33, 14.71it/s]
 11%|█         | 58/547 [00:06<00:32, 15.25it/s]
 11%|█         | 60/547 [00:06<00:32, 15.17it/s]
 11%|█▏        | 62/547 [00:06<00:33, 14.56it/s]
 12%|█▏        | 64/547 [00:06<00:33, 14.50it/s]
 12%|█▏        | 66/547 [00:06<00:32, 14.86it/s]
 12%|█▏        | 68/547 [00:07<00:33, 14.46it/s]
 13%|█▎        | 70/547 [00:07<00:32, 14.55it/s]
 13%|█▎        | 72/547 [00:07<00:31, 14.91it/s]
 14%|█▎        | 74/547 [00:07<00:32, 14.63it/s]
 14%|█▍        | 76/547 [00:07<00:32, 14.28it/s]
 14%|█▍        | 78/547 [00:07<00:32, 14.26it/s]
 15%|█▍        | 80/547 [00:07<00:32, 14.42it/s]
 15%|█▍        | 82/547 [00:08<00:31, 14.58it/s]
 15%|█▌        | 84/547 [00:08<00:31, 14.62it/s]
 16%|█▌        | 86/547 [00:08<00:31, 14.77it/s]
 16%|█▌        | 88/547 [00:08<00:31, 14.75it/s]
 16%|█▋        | 90/547 [00:08<00:32, 14.18it/s]
 17%|█▋        | 92/547 [00:08<00:32, 14.21it/s]
 17%|█▋        | 94/547 [00:08<00:31, 14.32it/s]
 18%|█▊        | 96/547 [00:09<00:30, 14.72it/s]
 18%|█▊        | 98/547 [00:09<00:30, 14.67it/s]
 18%|█▊        | 100/547 [00:09<00:30, 14.52it/s]
 19%|█▊        | 102/547 [00:09<00:29, 14.84it/s]
 19%|█▉        | 104/547 [00:09<00:30, 14.66it/s]
 19%|█▉        | 106/547 [00:09<00:30, 14.69it/s]
 20%|█▉        | 108/547 [00:09<00:30, 14.58it/s]
 20%|██        | 110/547 [00:10<00:29, 14.90it/s]
 20%|██        | 112/547 [00:10<00:29, 14.85it/s]
 21%|██        | 114/547 [00:10<00:30, 14.06it/s]
 21%|██        | 116/547 [00:10<00:32, 13.39it/s]
 22%|██▏       | 118/547 [00:10<00:31, 13.72it/s]
 22%|██▏       | 120/547 [00:10<00:29, 14.42it/s]
 22%|██▏       | 122/547 [00:10<00:30, 13.98it/s]
 23%|██▎       | 124/547 [00:11<00:29, 14.57it/s]
 23%|██▎       | 126/547 [00:11<00:29, 14.46it/s]
 23%|██▎       | 128/547 [00:11<00:28, 14.63it/s]
 24%|██▍       | 130/547 [00:11<00:30, 13.85it/s]
 24%|██▍       | 132/547 [00:11<00:28, 14.34it/s]
 24%|██▍       | 134/547 [00:11<00:28, 14.67it/s]
 25%|██▍       | 136/547 [00:11<00:28, 14.33it/s]
 25%|██▌       | 138/547 [00:11<00:28, 14.45it/s]
 26%|██▌       | 140/547 [00:12<00:27, 14.97it/s]
 26%|██▌       | 142/547 [00:12<00:40, 10.12it/s]
 26%|██▋       | 144/547 [00:12<00:35, 11.44it/s]
 27%|██▋       | 146/547 [00:12<00:32, 12.30it/s]
 27%|██▋       | 148/547 [00:12<00:30, 13.09it/s]
 27%|██▋       | 150/547 [00:12<00:29, 13.44it/s]
 28%|██▊       | 152/547 [00:13<00:27, 14.14it/s]
 28%|██▊       | 154/547 [00:13<00:28, 13.95it/s]
 29%|██▊       | 156/547 [00:13<00:27, 14.10it/s]
 29%|██▉       | 158/547 [00:13<00:26, 14.61it/s]
 29%|██▉       | 160/547 [00:13<00:26, 14.60it/s]
 30%|██▉       | 162/547 [00:13<00:26, 14.50it/s]
 30%|██▉       | 164/547 [00:13<00:26, 14.62it/s]
 30%|███       | 166/547 [00:14<00:26, 14.63it/s]
 31%|███       | 168/547 [00:14<00:25, 14.68it/s]
 31%|███       | 170/547 [00:14<00:25, 14.62it/s]
 31%|███▏      | 172/547 [00:14<00:26, 14.12it/s]
 32%|███▏      | 174/547 [00:14<00:26, 14.05it/s]
 32%|███▏      | 176/547 [00:14<00:26, 14.03it/s]
 33%|███▎      | 178/547 [00:14<00:26, 14.08it/s]
 33%|███▎      | 180/547 [00:15<00:25, 14.17it/s]
 33%|███▎      | 182/547 [00:15<00:26, 13.85it/s]
 34%|███▎      | 184/547 [00:15<00:25, 14.29it/s]
 34%|███▍      | 186/547 [00:15<00:25, 14.39it/s]
 34%|███▍      | 188/547 [00:15<00:25, 14.06it/s]
 35%|███▍      | 190/547 [00:15<00:25, 13.92it/s]
 35%|███▌      | 192/547 [00:15<00:25, 13.96it/s]
 35%|███▌      | 194/547 [00:16<00:24, 14.22it/s]
 36%|███▌      | 196/547 [00:16<00:23, 14.81it/s]
 36%|███▌      | 198/547 [00:16<00:24, 14.27it/s]
 37%|███▋      | 200/547 [00:16<00:24, 13.95it/s]
 37%|███▋      | 202/547 [00:16<00:24, 14.36it/s]
 37%|███▋      | 204/547 [00:16<00:23, 14.46it/s]
 38%|███▊      | 206/547 [00:16<00:23, 14.77it/s]
 38%|███▊      | 208/547 [00:17<00:23, 14.49it/s]
 38%|███▊      | 210/547 [00:17<00:23, 14.33it/s]
 39%|███▉      | 212/547 [00:17<00:23, 14.52it/s]
 39%|███▉      | 214/547 [00:17<00:23, 14.17it/s]
 39%|███▉      | 216/547 [00:17<00:22, 14.77it/s]
 40%|███▉      | 218/547 [00:17<00:22, 14.84it/s]
 40%|████      | 220/547 [00:17<00:21, 15.00it/s]
 41%|████      | 222/547 [00:17<00:22, 14.72it/s]
 41%|████      | 224/547 [00:18<00:22, 14.10it/s]
 41%|████▏     | 226/547 [00:18<00:22, 14.47it/s]
 42%|████▏     | 228/547 [00:18<00:22, 14.38it/s]
 42%|████▏     | 230/547 [00:18<00:21, 14.75it/s]
 42%|████▏     | 232/547 [00:18<00:21, 14.85it/s]
 43%|████▎     | 234/547 [00:18<00:21, 14.63it/s]
 43%|████▎     | 236/547 [00:18<00:21, 14.54it/s]
 44%|████▎     | 238/547 [00:19<00:21, 14.17it/s]
 44%|████▍     | 240/547 [00:19<00:21, 14.47it/s]
 44%|████▍     | 242/547 [00:19<00:20, 14.81it/s]
 45%|████▍     | 244/547 [00:19<00:21, 14.26it/s]
 45%|████▍     | 246/547 [00:19<00:20, 14.50it/s]
 45%|████▌     | 248/547 [00:19<00:20, 14.80it/s]
 46%|████▌     | 250/547 [00:19<00:20, 14.68it/s]
 46%|████▌     | 252/547 [00:20<00:20, 14.14it/s]
 46%|████▋     | 254/547 [00:20<00:20, 14.34it/s]
 47%|████▋     | 256/547 [00:20<00:20, 14.48it/s]
 47%|████▋     | 258/547 [00:20<00:20, 13.97it/s]
 48%|████▊     | 260/547 [00:20<00:20, 14.33it/s]
 48%|████▊     | 262/547 [00:20<00:20, 14.21it/s]
 48%|████▊     | 264/547 [00:20<00:19, 14.35it/s]
 49%|████▊     | 266/547 [00:21<00:19, 14.43it/s]
 49%|████▉     | 268/547 [00:21<00:19, 14.41it/s]
 49%|████▉     | 270/547 [00:21<00:19, 14.47it/s]
 50%|████▉     | 272/547 [00:21<00:18, 14.74it/s]
 50%|█████     | 274/547 [00:21<00:19, 14.37it/s]
 50%|█████     | 276/547 [00:21<00:18, 14.54it/s]
 51%|█████     | 278/547 [00:21<00:18, 14.28it/s]
 51%|█████     | 280/547 [00:21<00:18, 14.49it/s]
 52%|█████▏    | 282/547 [00:22<00:18, 14.15it/s]
 52%|█████▏    | 284/547 [00:22<00:18, 14.31it/s]
 52%|█████▏    | 286/547 [00:22<00:18, 14.10it/s]
 53%|█████▎    | 288/547 [00:22<00:18, 14.17it/s]
 53%|█████▎    | 290/547 [00:22<00:17, 14.78it/s]
 53%|█████▎    | 292/547 [00:22<00:17, 14.86it/s]
 54%|█████▎    | 294/547 [00:22<00:16, 15.04it/s]
 54%|█████▍    | 296/547 [00:23<00:16, 15.09it/s]
 54%|█████▍    | 298/547 [00:23<00:16, 14.97it/s]
 55%|█████▍    | 300/547 [00:23<00:17, 14.23it/s]
 55%|█████▌    | 302/547 [00:23<00:17, 14.41it/s]
 56%|█████▌    | 304/547 [00:23<00:17, 14.12it/s]
 56%|█████▌    | 306/547 [00:23<00:17, 14.03it/s]
 56%|█████▋    | 308/547 [00:23<00:16, 14.82it/s]
 57%|█████▋    | 310/547 [00:24<00:17, 13.58it/s]
 57%|█████▋    | 312/547 [00:24<00:16, 13.95it/s]
 57%|█████▋    | 314/547 [00:24<00:16, 13.88it/s]
 58%|█████▊    | 316/547 [00:24<00:16, 14.36it/s]
 58%|█████▊    | 318/547 [00:24<00:15, 14.44it/s]
 59%|█████▊    | 320/547 [00:24<00:21, 10.65it/s]
 59%|█████▉    | 322/547 [00:25<00:19, 11.79it/s]
 59%|█████▉    | 324/547 [00:25<00:17, 12.40it/s]
 60%|█████▉    | 326/547 [00:25<00:16, 13.02it/s]
 60%|█████▉    | 328/547 [00:25<00:16, 13.03it/s]
 60%|██████    | 330/547 [00:25<00:15, 13.96it/s]
 61%|██████    | 332/547 [00:25<00:14, 14.38it/s]
 61%|██████    | 334/547 [00:25<00:14, 14.40it/s]
 61%|██████▏   | 336/547 [00:26<00:14, 14.34it/s]
 62%|██████▏   | 338/547 [00:26<00:14, 14.54it/s]
 62%|██████▏   | 340/547 [00:26<00:14, 14.51it/s]
 63%|██████▎   | 342/547 [00:26<00:14, 14.08it/s]
 63%|██████▎   | 344/547 [00:26<00:14, 14.47it/s]
 63%|██████▎   | 346/547 [00:26<00:13, 14.59it/s]
 64%|██████▎   | 348/547 [00:26<00:14, 14.19it/s]
 64%|██████▍   | 350/547 [00:27<00:13, 14.14it/s]
 64%|██████▍   | 352/547 [00:27<00:13, 14.10it/s]
 65%|██████▍   | 354/547 [00:27<00:12, 14.98it/s]
 65%|██████▌   | 356/547 [00:27<00:12, 14.98it/s]
 65%|██████▌   | 358/547 [00:27<00:12, 14.86it/s]
 66%|██████▌   | 360/547 [00:27<00:12, 14.46it/s]
 66%|██████▌   | 362/547 [00:27<00:12, 14.48it/s]
 67%|██████▋   | 364/547 [00:27<00:13, 13.99it/s]
 67%|██████▋   | 366/547 [00:28<00:12, 14.23it/s]
 67%|██████▋   | 368/547 [00:28<00:12, 14.36it/s]
 68%|██████▊   | 370/547 [00:28<00:12, 14.65it/s]
 68%|██████▊   | 372/547 [00:28<00:12, 14.31it/s]
 68%|██████▊   | 374/547 [00:28<00:11, 14.88it/s]
 69%|██████▊   | 376/547 [00:28<00:11, 14.76it/s]
 69%|██████▉   | 378/547 [00:28<00:11, 14.13it/s]
 69%|██████▉   | 380/547 [00:29<00:11, 14.71it/s]
 70%|██████▉   | 382/547 [00:29<00:11, 14.47it/s]
 70%|███████   | 384/547 [00:29<00:11, 14.25it/s]
 71%|███████   | 386/547 [00:29<00:11, 14.38it/s]
 71%|███████   | 388/547 [00:29<00:11, 14.43it/s]
 71%|███████▏  | 390/547 [00:29<00:14, 10.85it/s]
 72%|███████▏  | 392/547 [00:30<00:12, 11.96it/s]
 72%|███████▏  | 394/547 [00:30<00:11, 13.05it/s]
 72%|███████▏  | 396/547 [00:30<00:11, 13.44it/s]
 73%|███████▎  | 398/547 [00:30<00:11, 13.48it/s]
 73%|███████▎  | 400/547 [00:30<00:10, 14.00it/s]
 73%|███████▎  | 402/547 [00:30<00:10, 14.32it/s]
 74%|███████▍  | 404/547 [00:30<00:09, 14.44it/s]
 74%|███████▍  | 406/547 [00:30<00:09, 14.23it/s]
 75%|███████▍  | 408/547 [00:31<00:09, 14.04it/s]
 75%|███████▍  | 410/547 [00:31<00:09, 14.42it/s]
 75%|███████▌  | 412/547 [00:31<00:09, 14.70it/s]
 76%|███████▌  | 414/547 [00:31<00:09, 14.69it/s]
 76%|███████▌  | 416/547 [00:31<00:09, 14.46it/s]
 76%|███████▋  | 418/547 [00:31<00:09, 14.31it/s]
 77%|███████▋  | 420/547 [00:31<00:09, 13.87it/s]
 77%|███████▋  | 422/547 [00:32<00:08, 14.50it/s]
 78%|███████▊  | 424/547 [00:32<00:08, 14.80it/s]
 78%|███████▊  | 426/547 [00:32<00:07, 15.45it/s]
 78%|███████▊  | 428/547 [00:32<00:07, 15.38it/s]
 79%|███████▊  | 430/547 [00:32<00:08, 14.59it/s]
 79%|███████▉  | 432/547 [00:32<00:08, 14.37it/s]
 79%|███████▉  | 434/547 [00:32<00:07, 14.38it/s]
 80%|███████▉  | 436/547 [00:33<00:07, 13.97it/s]
 80%|████████  | 438/547 [00:33<00:07, 14.04it/s]
 80%|████████  | 440/547 [00:33<00:07, 14.11it/s]
 81%|████████  | 442/547 [00:33<00:07, 14.39it/s]
 81%|████████  | 444/547 [00:33<00:07, 14.35it/s]
 82%|████████▏ | 446/547 [00:33<00:07, 14.14it/s]
 82%|████████▏ | 448/547 [00:33<00:06, 14.23it/s]
 82%|████████▏ | 450/547 [00:34<00:06, 14.08it/s]
 83%|████████▎ | 452/547 [00:34<00:06, 14.00it/s]
 83%|████████▎ | 454/547 [00:34<00:06, 13.93it/s]
 83%|████████▎ | 456/547 [00:34<00:06, 14.37it/s]
 84%|████████▎ | 458/547 [00:34<00:06, 14.36it/s]
 84%|████████▍ | 460/547 [00:34<00:05, 14.75it/s]
 84%|████████▍ | 462/547 [00:34<00:05, 14.66it/s]
 85%|████████▍ | 464/547 [00:35<00:05, 14.51it/s]
 85%|████████▌ | 466/547 [00:35<00:05, 14.81it/s]
 86%|████████▌ | 468/547 [00:35<00:05, 14.70it/s]
 86%|████████▌ | 470/547 [00:35<00:05, 14.74it/s]
 86%|████████▋ | 472/547 [00:35<00:05, 14.46it/s]
 87%|████████▋ | 474/547 [00:35<00:04, 14.69it/s]
 87%|████████▋ | 476/547 [00:35<00:04, 14.70it/s]
 87%|████████▋ | 478/547 [00:35<00:04, 14.60it/s]
 88%|████████▊ | 480/547 [00:36<00:04, 14.09it/s]
 88%|████████▊ | 482/547 [00:37<00:13,  4.82it/s]
 88%|████████▊ | 484/547 [00:37<00:10,  6.16it/s]
 89%|████████▉ | 486/547 [00:37<00:07,  7.65it/s]
 89%|████████▉ | 488/547 [00:37<00:06,  8.86it/s]
 90%|████████▉ | 490/547 [00:37<00:05, 10.07it/s]
 90%|████████▉ | 492/547 [00:37<00:04, 11.05it/s]
 90%|█████████ | 494/547 [00:37<00:04, 11.43it/s]
 91%|█████████ | 496/547 [00:38<00:04, 12.22it/s]
 91%|█████████ | 498/547 [00:38<00:03, 12.98it/s]
 91%|█████████▏| 500/547 [00:38<00:03, 13.80it/s]
 92%|█████████▏| 502/547 [00:38<00:03, 14.00it/s]
 92%|█████████▏| 504/547 [00:38<00:03, 14.12it/s]
 93%|█████████▎| 506/547 [00:38<00:02, 14.31it/s]
 93%|█████████▎| 508/547 [00:38<00:02, 14.10it/s]
 93%|█████████▎| 510/547 [00:39<00:02, 14.57it/s]
 94%|█████████▎| 512/547 [00:39<00:02, 14.63it/s]
 94%|█████████▍| 514/547 [00:39<00:02, 14.34it/s]
 94%|█████████▍| 516/547 [00:39<00:02, 13.86it/s]
 95%|█████████▍| 518/547 [00:39<00:02, 14.29it/s]
 95%|█████████▌| 520/547 [00:39<00:01, 14.25it/s]
 95%|█████████▌| 522/547 [00:39<00:01, 14.19it/s]
 96%|█████████▌| 524/547 [00:40<00:01, 14.73it/s]
 96%|█████████▌| 526/547 [00:40<00:01, 14.98it/s]
 97%|█████████▋| 528/547 [00:40<00:01, 15.25it/s]
 97%|█████████▋| 530/547 [00:40<00:01, 15.86it/s]
 97%|█████████▋| 532/547 [00:40<00:00, 16.25it/s]
 98%|█████████▊| 534/547 [00:40<00:00, 16.61it/s]
 98%|█████████▊| 536/547 [00:40<00:00, 17.02it/s]
 98%|█████████▊| 538/547 [00:41<00:00,  9.80it/s]
 99%|█████████▊| 540/547 [00:41<00:00, 11.34it/s]
 99%|█████████▉| 542/547 [00:41<00:00, 12.77it/s]
 99%|█████████▉| 544/547 [00:41<00:00, 13.97it/s]
100%|█████████▉| 546/547 [00:41<00:00, 14.92it/s]
                                                 
FULL_DDP partial 4/4 loss=0.0872 min=0.7
Saved /workspace/output/siglip2_b384_condsev_4gpu/full_train_final.pt

  0%|          | 0/8 [00:00<?, ?it/s]
 12%|█▎        | 1/8 [00:07<00:53,  7.64s/it]
 25%|██▌       | 2/8 [00:07<00:19,  3.27s/it]
 38%|███▊      | 3/8 [00:07<00:09,  1.82s/it]
 50%|█████     | 4/8 [00:10<00:08,  2.23s/it]
 75%|███████▌  | 6/8 [00:10<00:02,  1.08s/it]
                                             
         ID  Target
    1_jenis       1
1_kerusakan       1
    2_jenis       1
2_kerusakan       1
    3_jenis       1
3_kerusakan       1
    4_jenis       1
4_kerusakan       1
    5_jenis       1
5_kerusakan       1
Saved /workspace/output/siglip2_b384_condsev_4gpu/submission.csv
